Archive member included to satisfy reference by file (symbol)

D:/armdeveloperadder/13.3 rel1/bin/../lib/gcc/arm-none-eabi/13.3.1/thumb/v7-m/nofp\libc_nano.a(libc_a-exit.o)
                              D:/armdeveloperadder/13.3 rel1/bin/../lib/gcc/arm-none-eabi/13.3.1/thumb/v7-m/nofp/crt0.o (exit)
D:/armdeveloperadder/13.3 rel1/bin/../lib/gcc/arm-none-eabi/13.3.1/thumb/v7-m/nofp\libc_nano.a(libc_a-findfp.o)
                              D:/armdeveloperadder/13.3 rel1/bin/../lib/gcc/arm-none-eabi/13.3.1/thumb/v7-m/nofp\libc_nano.a(libc_a-exit.o) (__stdio_exit_handler)
D:/armdeveloperadder/13.3 rel1/bin/../lib/gcc/arm-none-eabi/13.3.1/thumb/v7-m/nofp\libc_nano.a(libc_a-fwalk.o)
                              D:/armdeveloperadder/13.3 rel1/bin/../lib/gcc/arm-none-eabi/13.3.1/thumb/v7-m/nofp\libc_nano.a(libc_a-findfp.o) (_fwalk_sglue)
D:/armdeveloperadder/13.3 rel1/bin/../lib/gcc/arm-none-eabi/13.3.1/thumb/v7-m/nofp\libc_nano.a(libc_a-stdio.o)
                              D:/armdeveloperadder/13.3 rel1/bin/../lib/gcc/arm-none-eabi/13.3.1/thumb/v7-m/nofp\libc_nano.a(libc_a-findfp.o) (__sread)
D:/armdeveloperadder/13.3 rel1/bin/../lib/gcc/arm-none-eabi/13.3.1/thumb/v7-m/nofp\libc_nano.a(libc_a-memset.o)
                              D:/armdeveloperadder/13.3 rel1/bin/../lib/gcc/arm-none-eabi/13.3.1/thumb/v7-m/nofp/crt0.o (memset)
D:/armdeveloperadder/13.3 rel1/bin/../lib/gcc/arm-none-eabi/13.3.1/thumb/v7-m/nofp\libc_nano.a(libc_a-closer.o)
                              D:/armdeveloperadder/13.3 rel1/bin/../lib/gcc/arm-none-eabi/13.3.1/thumb/v7-m/nofp\libc_nano.a(libc_a-stdio.o) (_close_r)
D:/armdeveloperadder/13.3 rel1/bin/../lib/gcc/arm-none-eabi/13.3.1/thumb/v7-m/nofp\libc_nano.a(libc_a-reent.o)
                              D:/armdeveloperadder/13.3 rel1/bin/../lib/gcc/arm-none-eabi/13.3.1/thumb/v7-m/nofp\libc_nano.a(libc_a-closer.o) (errno)
D:/armdeveloperadder/13.3 rel1/bin/../lib/gcc/arm-none-eabi/13.3.1/thumb/v7-m/nofp\libc_nano.a(libc_a-impure.o)
                              D:/armdeveloperadder/13.3 rel1/bin/../lib/gcc/arm-none-eabi/13.3.1/thumb/v7-m/nofp\libc_nano.a(libc_a-reent.o) (_impure_ptr)
D:/armdeveloperadder/13.3 rel1/bin/../lib/gcc/arm-none-eabi/13.3.1/thumb/v7-m/nofp\libc_nano.a(libc_a-lseekr.o)
                              D:/armdeveloperadder/13.3 rel1/bin/../lib/gcc/arm-none-eabi/13.3.1/thumb/v7-m/nofp\libc_nano.a(libc_a-stdio.o) (_lseek_r)
D:/armdeveloperadder/13.3 rel1/bin/../lib/gcc/arm-none-eabi/13.3.1/thumb/v7-m/nofp\libc_nano.a(libc_a-readr.o)
                              D:/armdeveloperadder/13.3 rel1/bin/../lib/gcc/arm-none-eabi/13.3.1/thumb/v7-m/nofp\libc_nano.a(libc_a-stdio.o) (_read_r)
D:/armdeveloperadder/13.3 rel1/bin/../lib/gcc/arm-none-eabi/13.3.1/thumb/v7-m/nofp\libc_nano.a(libc_a-writer.o)
                              D:/armdeveloperadder/13.3 rel1/bin/../lib/gcc/arm-none-eabi/13.3.1/thumb/v7-m/nofp\libc_nano.a(libc_a-stdio.o) (_write_r)
D:/armdeveloperadder/13.3 rel1/bin/../lib/gcc/arm-none-eabi/13.3.1/thumb/v7-m/nofp\libc_nano.a(libc_a-errno.o)
                              ./Core/Src/syscalls.o (__errno)
D:/armdeveloperadder/13.3 rel1/bin/../lib/gcc/arm-none-eabi/13.3.1/thumb/v7-m/nofp\libc_nano.a(libc_a-init.o)
                              D:/armdeveloperadder/13.3 rel1/bin/../lib/gcc/arm-none-eabi/13.3.1/thumb/v7-m/nofp/crt0.o (__libc_init_array)
D:/armdeveloperadder/13.3 rel1/bin/../lib/gcc/arm-none-eabi/13.3.1/thumb/v7-m/nofp\libc_nano.a(libc_a-lock.o)
                              D:/armdeveloperadder/13.3 rel1/bin/../lib/gcc/arm-none-eabi/13.3.1/thumb/v7-m/nofp\libc_nano.a(libc_a-findfp.o) (__retarget_lock_init_recursive)
D:/armdeveloperadder/13.3 rel1/bin/../lib/gcc/arm-none-eabi/13.3.1/thumb/v7-m/nofp\libc_nano.a(libc_a-memcpy-stub.o)
                              ./Core/Src/protocol.o (memcpy)
D:/armdeveloperadder/13.3 rel1/bin/../lib/gcc/arm-none-eabi/13.3.1/thumb/v7-m/nofp\libc_nano.a(libm_a-sf_copysign.o)
                              ./Core/Src/chassis.o (copysignf)
D:/armdeveloperadder/13.3 rel1/bin/../lib/gcc/arm-none-eabi/13.3.1/thumb/v7-m/nofp\libc_nano.a(libc_a-freer.o)
                              D:/armdeveloperadder/13.3 rel1/bin/../lib/gcc/arm-none-eabi/13.3.1/thumb/v7-m/nofp\libc_nano.a(libc_a-reent.o) (_free_r)
D:/armdeveloperadder/13.3 rel1/bin/../lib/gcc/arm-none-eabi/13.3.1/thumb/v7-m/nofp\libc_nano.a(libc_a-mallocr.o)
                              D:/armdeveloperadder/13.3 rel1/bin/../lib/gcc/arm-none-eabi/13.3.1/thumb/v7-m/nofp\libc_nano.a(libc_a-findfp.o) (_malloc_r)
D:/armdeveloperadder/13.3 rel1/bin/../lib/gcc/arm-none-eabi/13.3.1/thumb/v7-m/nofp\libc_nano.a(libc_a-mlock.o)
                              D:/armdeveloperadder/13.3 rel1/bin/../lib/gcc/arm-none-eabi/13.3.1/thumb/v7-m/nofp\libc_nano.a(libc_a-freer.o) (__malloc_lock)
D:/armdeveloperadder/13.3 rel1/bin/../lib/gcc/arm-none-eabi/13.3.1/thumb/v7-m/nofp\libc_nano.a(libc_a-fflush.o)
[...]
Memory Configuration

Name             Origin             Length             Attributes
RAM              0x20000000         0x0000c000         xrw
FLASH            0x08000000         0x00040000         xr
*default*        0x00000000         0xffffffff

Linker script and memory map

LOAD D:/armdeveloperadder/13.3 rel1/bin/../lib/gcc/arm-none-eabi/13.3.1/thumb/v7-m/nofp/crti.o
LOAD D:/armdeveloperadder/13.3 rel1/bin/../lib/gcc/arm-none-eabi/13.3.1/thumb/v7-m/nofp/crtbegin.o
LOAD D:/armdeveloperadder/13.3 rel1/bin/../lib/gcc/arm-none-eabi/13.3.1/thumb/v7-m/nofp/crt0.o
LOAD ./Core/Src/chassis.o
LOAD ./Core/Src/control.o
LOAD ./Core/Src/dma.o
LOAD ./Core/Src/gpio.o
LOAD ./Core/Src/gy53.o
LOAD ./Core/Src/main.o
LOAD ./Core/Src/mpu6500.o
LOAD ./Core/Src/protocol.o
LOAD ./Core/Src/robot.o
LOAD ./Core/Src/servo.o
LOAD ./Core/Src/shooter.o
LOAD ./Core/Src/spi.o
LOAD ./Core/Src/stm32f1xx_hal_msp.o
LOAD ./Core/Src/stm32f1xx_hal_timebase_tim.o
LOAD ./Core/Src/stm32f1xx_it.o
LOAD ./Core/Src/syscalls.o
LOAD ./Core/Src/sysmem.o
LOAD ./Core/Src/system_stm32f1xx.o
LOAD ./Core/Src/tim.o
LOAD ./Core/Src/usart.o
LOAD ./Core/Startup/startup_stm32f103rctx.o
LOAD ./Drivers/STM32F1xx_HAL_Driver/Src/stm32f1xx_hal.o
LOAD ./Drivers/STM32F1xx_HAL_Driver/Src/stm32f1xx_hal_cortex.o
LOAD ./Drivers/STM32F1xx_HAL_Driver/Src/stm32f1xx_hal_dma.o
LOAD ./Drivers/STM32F1xx_HAL_Driver/Src/stm32f1xx_hal_exti.o
LOAD ./Drivers/STM32F1xx_HAL_Driver/Src/stm32f1xx_hal_flash.o
LOAD ./Drivers/STM32F1xx_HAL_Driver/Src/stm32f1xx_hal_flash_ex.o
LOAD ./Drivers/STM32F1xx_HAL_Driver/Src/stm32f1xx_hal_gpio.o
LOAD ./Drivers/STM32F1xx_HAL_Driver/Src/stm32f1xx_hal_gpio_ex.o
LOAD ./Drivers/STM32F1xx_HAL_Driver/Src/stm32f1xx_hal_pcd.o
LOAD ./Drivers/STM32F1xx_HAL_Driver/Src/stm32f1xx_hal_pcd_ex.o
LOAD ./Drivers/STM32F1xx_HAL_Driver/Src/stm32f1xx_hal_pwr.o
LOAD ./Drivers/STM32F1xx_HAL_Driver/Src/stm32f1xx_hal_rcc.o
LOAD ./Drivers/STM32F1xx_HAL_Driver/Src/stm32f1xx_hal_rcc_ex.o
LOAD ./Drivers/STM32F1xx_HAL_Driver/Src/stm32f1xx_hal_spi.o
LOAD ./Drivers/STM32F1xx_HAL_Driver/Src/stm32f1xx_hal_tim.o
LOAD ./Drivers/STM32F1xx_HAL_Driver/Src/stm32f1xx_hal_tim_ex.o
LOAD ./Drivers/STM32F1xx_HAL_Driver/Src/stm32f1xx_hal_uart.o
LOAD ./Drivers/STM32F1xx_HAL_Driver/Src/stm32f1xx_ll_usb.o
LOAD ./Middlewares/ST/STM32_USB_Device_Library/Class/CDC/Src/usbd_cdc.o
LOAD ./Middlewares/ST/STM32_USB_Device_Library/Core/Src/usbd_core.o
LOAD ./Middlewares/ST/STM32_USB_Device_Library/Core/Src/usbd_ctlreq.o
LOAD ./Middlewares/ST/STM32_USB_Device_Library/Core/Src/usbd_ioreq.o
LOAD ./USB_DEVICE/App/usb_device.o
LOAD ./USB_DEVICE/App/usbd_cdc_if.o
LOAD ./USB_DEVICE/App/usbd_desc.o
LOAD ./USB_DEVICE/Target/usbd_conf.o
START GROUP
LOAD D:/armdeveloperadder/13.3 rel1/bin/../lib/gcc/arm-none-eabi/13.3.1/thumb/v7-m/nofp\libc_nano.a
LOAD D:/armdeveloperadder/13.3 rel1/bin/../lib/gcc/arm-none-eabi/13.3.1/thumb/v7-m/nofp\libm.a
END GROUP
START GROUP
LOAD D:/armdeveloperadder/13.3 rel1/bin/../lib/gcc/arm-none-eabi/13.3.1/thumb/v7-m/nofp\libgcc.a
LOAD D:/armdeveloperadder/13.3 rel1/bin/../lib/gcc/arm-none-eabi/13.3.1/thumb/v7-m/nofp\libc_nano.a
END GROUP
START GROUP
LOAD D:/armdeveloperadder/13.3 rel1/bin/../lib/gcc/arm-none-eabi/13.3.1/thumb/v7-m/nofp\libgcc.a
LOAD D:/armdeveloperadder/13.3 rel1/bin/../lib/gcc/arm-none-eabi/13.3.1/thumb/v7-m/nofp\libc_nano.a
LOAD D:/armdeveloperadder/13.3 rel1/bin/../lib/gcc/arm-none-eabi/13.3.1/thumb/v7-m/nofp\libnosys.a
END GROUP
START GROUP
LOAD D:/armdeveloperadder/13.3 rel1/bin/../lib/gcc/arm-none-eabi/13.3.1/thumb/v7-m/nofp\libgcc.a
LOAD D:/armdeveloperadder/13.3 rel1/bin/../lib/gcc/arm-none-eabi/13.3.1/thumb/v7-m/nofp\libc_nano.a
LOAD D:/armdeveloperadder/13.3 rel1/bin/../lib/gcc/arm-none-eabi/13.3.1/thumb/v7-m/nofp\libnosys.a
END GROUP
LOAD D:/armdeveloperadder/13.3 rel1/bin/../lib/gcc/arm-none-eabi/13.3.1/thumb/v7-m/nofp/crtend.o
LOAD D:/armdeveloperadder/13.3 rel1/bin/../lib/gcc/arm-none-eabi/13.3.1/thumb/v7-m/nofp/crtn.o
                0x2000c000                        _estack = (ORIGIN (RAM) + LENGTH (RAM))
                0x00000600                        _Min_Heap_Size = 0x600
                0x00000800                        _Min_Stack_Size = 0x800

.isr_vector     0x08000000      0x1e4
                0x08000000                        . = ALIGN (0x4)
 *(.isr_vector)
 .isr_vector    0x08000000      0x1e4 ./Core/Startup/startup_stm32f103rctx.o
                0x08000000                g_pfnVectors
                0x080001e4                        . = ALIGN (0x4)

.text           0x080001e4     0xee74
                0x080001e4                        . = ALIGN (0x4)
 *(.text)
 .text          0x080001e4      0x21c D:/armdeveloperadder/13.3 rel1/bin/../lib/gcc/arm-none-eabi/13.3.1/thumb/v7-m/nofp\libgcc.a(_arm_addsubsf3.o)
                0x080001e4                __aeabi_frsub
                0x080001ec                __subsf3
                0x080001ec                __aeabi_fsub
                0x080001f0                __aeabi_fadd
                0x080001f0                __addsf3
                0x08000350                __aeabi_ui2f
                0x08000350                __floatunsisf
                0x08000358                __aeabi_i2f
                0x08000358                __floatsisf
                0x08000374                __aeabi_ul2f
                0x08000374                __floatundisf
                0x08000384                __aeabi_l2f
                0x08000384                __floatdisf
 .text          0x08000400      0x2a0 D:/armdeveloperadder/13.3 rel1/bin/../lib/gcc/arm-none-eabi/13.3.1/thumb/v7-m/nofp\libgcc.a(_arm_muldivsf3.o)
                0x08000400                __mulsf3
                0x08000400                __aeabi_fmul
                0x08000568                __aeabi_fdiv
                0x08000568                __divsf3
 .text          0x080006a0       0xec D:/armdeveloperadder/13.3 rel1/bin/../lib/gcc/arm-none-eabi/13.3.1/thumb/v7-m/nofp\libgcc.a(_arm_cmpsf2.o)
                0x080006a0                __gesf2
                0x080006a0                __gtsf2
                0x080006a8                __lesf2
                0x080006a8                __ltsf2
                0x080006b0                __nesf2
                0x080006b0                __eqsf2
                0x080006b0                __cmpsf2
                0x08000710                __aeabi_cfrcmple
                0x08000718                __aeabi_cfcmpeq
                0x08000718                __aeabi_cfcmple
                0x08000728                __aeabi_fcmpeq
                0x0800073c                __aeabi_fcmplt
                0x08000750                __aeabi_fcmple
                0x08000764                __aeabi_fcmpge
                0x08000778                __aeabi_fcmpgt
 .text          0x0800078c       0x2c D:/armdeveloperadder/13.3 rel1/bin/../lib/gcc/arm-none-eabi/13.3.1/thumb/v7-m/nofp\libgcc.a(_arm_unordsf2.o)
                0x0800078c                __unordsf2
                0x0800078c                __aeabi_fcmpun
 .text          0x080007b8       0x4c D:/armdeveloperadder/13.3 rel1/bin/../lib/gcc/arm-none-eabi/13.3.1/thumb/v7-m/nofp\libgcc.a(_arm_fixsfsi.o)
                0x080007b8                __aeabi_f2iz
                0x080007b8                __fixsfsi
 *(.text*)
 .text.deregister_tm_clones
                0x08000804       0x1c D:/armdeveloperadder/13.3 rel1/bin/../lib/gcc/arm-none-eabi/13.3.1/thumb/v7-m/nofp/crtbegin.o
 .text.register_tm_clones
                0x08000820       0x24 D:/armdeveloperadder/13.3 rel1/bin/../lib/gcc/arm-none-eabi/13.3.1/thumb/v7-m/nofp/crtbegin.o
 .text.__do_global_dtors_aux
                0x08000844       0x28 D:/armdeveloperadder/13.3 rel1/bin/../lib/gcc/arm-none-eabi/13.3.1/thumb/v7-m/nofp/crtbegin.o
 .text.frame_dummy
                0x0800086c       0x24 D:/armdeveloperadder/13.3 rel1/bin/../lib/gcc/arm-none-eabi/13.3.1/thumb/v7-m/nofp/crtbegin.o
 .text.YMetersToCounts
                0x08000890       0x3c ./Core/Src/chassis.o
 .text.Limit_PWM
                0x080008cc       0x34 ./Core/Src/chassis.o
                0x080008cc                Limit_PWM
 .text.PID_Update
                0x08000900       0xcc ./Core/Src/chassis.o
                0x08000900                PID_Update
 .text.PID_Reset
                0x080009cc       0x22 ./Core/Src/chassis.o
                0x080009cc                PID_Reset
 *fill*         0x080009ee        0x2 
 .text.CalcSpeedFromEncoder
                0x080009f0       0x60 ./Core/Src/chassis.o
                0x080009f0                CalcSpeedFromEncoder
 .text.Motor_Set
                0x08000a50      0x100 ./Core/Src/chassis.o
                0x08000a50                Motor_Set
 .text.PWM_Init
                0x08000b50       0x6c ./Core/Src/chassis.o
                0x08000b50                PWM_Init
 .text.Encoder_Init
                0x08000bbc       0x68 ./Core/Src/chassis.o
                0x08000bbc                Encoder_Init
 .text.Control_Init
                0x08000c24       0x44 ./Core/Src/chassis.o
                0x08000c24                Control_Init
 .text.Chassis_Enable
                0x08000c68       0x38 ./Core/Src/chassis.o
                0x08000c68                Chassis_Enable
 .text.Chassis_Stop
                0x08000ca0       0x98 ./Core/Src/chassis.o
                0x08000ca0                Chassis_Stop
 .text.Chassis_StartFixedMove
                0x08000d38      0x150 ./Core/Src/chassis.o
 .text.Chassis_FinishMove
                0x08000e88       0x20 ./Core/Src/chassis.o
 .text.Chassis_UpdateFixedMove
                0x08000ea8      0x2c8 ./Core/Src/chassis.o
 .text.Chassis_SetFieldSide
                0x08001170       0x44 ./Core/Src/chassis.o
                0x08001170                Chassis_SetFieldSide
 .text.Chassis_GotoFirePoint
                0x080011b4       0xd8 ./Core/Src/chassis.o
                0x080011b4                Chassis_GotoFirePoint
 .text.Chassis_GotoStartPoint
                0x0800128c       0x64 ./Core/Src/chassis.o
                0x0800128c                Chassis_GotoStartPoint
 .text.Chassis_GetMoveState
                0x080012f0       0x14 ./Core/Src/chassis.o
                0x080012f0                Chassis_GetMoveState
 .text.Mecanum_Kinematics
                0x08001304      0x130 ./Core/Src/chassis.o
                0x08001304                Mecanum_Kinematics
 .text.Yaw_Compensate
                0x08001434       0xdc ./Core/Src/chassis.o
                0x08001434                Yaw_Compensate
 .text.SpeedTargetToPwm
                0x08001510       0x44 ./Core/Src/chassis.o
 .text.Control_Loop
                0x08001554      0x318 ./Core/Src/chassis.o
                0x08001554                Control_Loop
 .text.MX_DMA_Init
                0x0800186c       0x4c ./Core/Src/dma.o
                0x0800186c                MX_DMA_Init
 .text.MX_GPIO_Init
                0x080018b8      0x144 ./Core/Src/gpio.o
                0x080018b8                MX_GPIO_Init
 .text.GY53_Init
                0x080019fc       0x58 ./Core/Src/gy53.o
                0x080019fc                GY53_Init
 .text.GY53_Task
                0x08001a54       0x7c ./Core/Src/gy53.o
                0x08001a54                GY53_Task
 .text.HAL_UART_RxHalfCpltCallback
                0x08001ad0       0x2c ./Core/Src/gy53.o
                0x08001ad0                HAL_UART_RxHalfCpltCallback
 .text.HAL_UART_RxCpltCallback
                0x08001afc       0x2c ./Core/Src/gy53.o
                0x08001afc                HAL_UART_RxCpltCallback
 .text.HAL_UART_ErrorCallback
                0x08001b28       0x34 ./Core/Src/gy53.o
                0x08001b28                HAL_UART_ErrorCallback
 .text.GY53_Parse_Frame
                0x08001b5c       0xc0 ./Core/Src/gy53.o
 .text.GY53_FeedBytes
                0x08001c1c       0xbc ./Core/Src/gy53.o
 .text.GY53_GetSample
                0x08001cd8       0xa0 ./Core/Src/gy53.o
                0x08001cd8                GY53_GetSample
 .text.main     0x08001d78       0xfc ./Core/Src/main.o
                0x08001d78                main
 .text.SystemClock_Config
                0x08001e74       0xb8 ./Core/Src/main.o
                0x08001e74                SystemClock_Config
 .text.HAL_TIM_PeriodElapsedCallback
                0x08001f2c       0x34 ./Core/Src/main.o
                0x08001f2c                HAL_TIM_PeriodElapsedCallback
 .text.Error_Handler
                0x08001f60        0xc ./Core/Src/main.o
                0x08001f60                Error_Handler
 .text.mpu_write_byte
                0x08001f6c       0x64 ./Core/Src/mpu6500.o
                0x08001f6c                mpu_write_byte
 .text.mpu_read_byte
                0x08001fd0       0x7c ./Core/Src/mpu6500.o
                0x08001fd0                mpu_read_byte
 .text.MPU6500_Init
                0x0800204c       0xc6 ./Core/Src/mpu6500.o
                0x0800204c                MPU6500_Init
 *fill*         0x08002112        0x2 
 .text.Get_MPU6500_GYRO
                0x08002114       0xc8 ./Core/Src/mpu6500.o
                0x08002114                Get_MPU6500_GYRO
 .text.MPU_Calibrate
                0x080021dc       0x84 ./Core/Src/mpu6500.o
                0x080021dc                MPU_Calibrate
 .text.MPU_Update
                0x08002260      0x120 ./Core/Src/mpu6500.o
                0x08002260                MPU_Update
 .text.ringbuf_init
                0x08002380       0x2c ./Core/Src/protocol.o
 .text.ringbuf_available
                0x080023ac       0x36 ./Core/Src/protocol.o
 .text.ringbuf_free_space
                0x080023e2       0x3a ./Core/Src/protocol.o
 .text.ringbuf_append
                0x0800241c       0x78 ./Core/Src/protocol.o
 .text.ringbuf_read_byte
                0x08002494       0x46 ./Core/Src/protocol.o
 .text.calc_crc8
                0x080024da       0x3e ./Core/Src/protocol.o
 .text.send_frame
                0x08002518      0x148 ./Core/Src/protocol.o
 .text.protocol_tx_task
                0x08002660       0xac ./Core/Src/protocol.o
 .text.protocol_init
                0x0800270c       0x90 ./Core/Src/protocol.o
                0x0800270c                protocol_init
 .text.protocol_feed_data
                0x0800279c       0x24 ./Core/Src/protocol.o
                0x0800279c                protocol_feed_data
 .text.protocol_task
                0x080027c0      0x1ec ./Core/Src/protocol.o
                0x080027c0                protocol_task
 .text.handle_received_frame
                0x080029ac      0x378 ./Core/Src/protocol.o
 .text.protocol_send_heartbeat
                0x08002d24       0x12 ./Core/Src/protocol.o
                0x08002d24                protocol_send_heartbeat
 *fill*         0x08002d36        0x2 
 .text.protocol_send_device_info
                0x08002d38       0x18 ./Core/Src/protocol.o
                0x08002d38                protocol_send_device_info
 .text.protocol_send_match_start_ack
                0x08002d50       0x12 ./Core/Src/protocol.o
                0x08002d50                protocol_send_match_start_ack
 .text.protocol_send_error
                0x08002d62       0x32 ./Core/Src/protocol.o
                0x08002d62                protocol_send_error
 .text.protocol_send_grid_query
                0x08002d94       0x12 ./Core/Src/protocol.o
                0x08002d94                protocol_send_grid_query
 *fill*         0x08002da6        0x2 
 .text.protocol_heartbeat_task
                0x08002da8       0xb4 ./Core/Src/protocol.o
 .text.Robot_SetState
                0x08002e5c       0x44 ./Core/Src/robot.o
 .text.Robot_StopAllActuators
                0x08002ea0       0x20 ./Core/Src/robot.o
 .text.Robot_EnterError
                0x08002ec0       0x12 ./Core/Src/robot.o
 *fill*         0x08002ed2        0x2 
 .text.Robot_FindGridByRadical
                0x08002ed4       0x44 ./Core/Src/robot.o
 .text.Robot_GetCurrentRadical
                0x08002f18       0x4c ./Core/Src/robot.o
 .text.Robot_GotoNextRadical
                0x08002f64       0x50 ./Core/Src/robot.o
 .text.Robot_Init
                0x08002fb4       0x44 ./Core/Src/robot.o
                0x08002fb4                Robot_Init
 .text.Robot_StartMatch
                0x08002ff8       0xac ./Core/Src/robot.o
                0x08002ff8                Robot_StartMatch
 .text.Robot_UpdateGrid
                0x080030a4       0xd0 ./Core/Src/robot.o
                0x080030a4                Robot_UpdateGrid
 .text.Robot_Task
                0x08003174      0x2b8 ./Core/Src/robot.o
                0x08003174                Robot_Task
 .text.Robot_EmergencyStop
                0x0800342c        0xc ./Core/Src/robot.o
                0x0800342c                Robot_EmergencyStop
 .text.Robot_UpdateTargetWords
                0x08003438       0x54 ./Core/Src/robot.o
                0x08003438                Robot_UpdateTargetWords
 .text.Robot_StopMatch
                0x0800348c       0x3c ./Core/Src/robot.o
                0x0800348c                Robot_StopMatch
 .text.Robot_GetState
                0x080034c8       0x14 ./Core/Src/robot.o
                0x080034c8                Robot_GetState
 .text.Update_Servo_Pulse
                0x080034dc       0x4c ./Core/Src/servo.o
 .text.Servo_SetAngle
                0x08003528       0x44 ./Core/Src/servo.o
                0x08003528                Servo_SetAngle
 .text.Servo_Init
                0x0800356c       0x20 ./Core/Src/servo.o
                0x0800356c                Servo_Init
 .text.Servo_TimerTick
                0x0800358c       0x9c ./Core/Src/servo.o
                0x0800358c                Servo_TimerTick
 .text.Shooter_SetWheelPwm
                0x08003628       0x38 ./Core/Src/shooter.o
 .text.Shooter_Init
                0x08003660       0x68 ./Core/Src/shooter.o
                0x08003660                Shooter_Init
 .text.Shooter_Enable
                0x080036c8       0x2c ./Core/Src/shooter.o
                0x080036c8                Shooter_Enable
 .text.Shooter_StartFire
                0x080036f4       0x7c ./Core/Src/shooter.o
                0x080036f4                Shooter_StartFire
 .text.Shooter_Task
                0x08003770      0x124 ./Core/Src/shooter.o
                0x08003770                Shooter_Task
 .text.Shooter_Stop
                0x08003894       0x2c ./Core/Src/shooter.o
                0x08003894                Shooter_Stop
 .text.Shooter_IsDone
                0x080038c0       0x14 ./Core/Src/shooter.o
                0x080038c0                Shooter_IsDone
 .text.Shooter_ClearDone
                0x080038d4       0x28 ./Core/Src/shooter.o
                0x080038d4                Shooter_ClearDone
 .text.Shooter_HasError
                0x080038fc       0x20 ./Core/Src/shooter.o
                0x080038fc                Shooter_HasError
 .text.MX_SPI2_Init
                0x0800391c       0x6c ./Core/Src/spi.o
                0x0800391c                MX_SPI2_Init
 .text.HAL_SPI_MspInit
                0x08003988       0x98 ./Core/Src/spi.o
                0x08003988                HAL_SPI_MspInit
 .text.HAL_MspInit
                0x08003a20       0x64 ./Core/Src/stm32f1xx_hal_msp.o
                0x08003a20                HAL_MspInit
 .text.HAL_InitTick
                0x08003a84       0xfc ./Core/Src/stm32f1xx_hal_timebase_tim.o
                0x08003a84                HAL_InitTick
 .text.NMI_Handler
                0x08003b80        0x8 ./Core/Src/stm32f1xx_it.o
                0x08003b80                NMI_Handler
 .text.HardFault_Handler
                0x08003b88        0x8 ./Core/Src/stm32f1xx_it.o
                0x08003b88                HardFault_Handler
 .text.MemManage_Handler
                0x08003b90        0x8 ./Core/Src/stm32f1xx_it.o
                0x08003b90                MemManage_Handler
 .text.BusFault_Handler
                0x08003b98        0x8 ./Core/Src/stm32f1xx_it.o
                0x08003b98                BusFault_Handler
 .text.UsageFault_Handler
                0x08003ba0        0x8 ./Core/Src/stm32f1xx_it.o
                0x08003ba0                UsageFault_Handler
 .text.SVC_Handler
                0x08003ba8        0xc ./Core/Src/stm32f1xx_it.o
                0x08003ba8                SVC_Handler
 .text.DebugMon_Handler
                0x08003bb4        0xc ./Core/Src/stm32f1xx_it.o
                0x08003bb4                DebugMon_Handler
 .text.PendSV_Handler
                0x08003bc0        0xc ./Core/Src/stm32f1xx_it.o
                0x08003bc0                PendSV_Handler
 .text.SysTick_Handler
                0x08003bcc        0xc ./Core/Src/stm32f1xx_it.o
                0x08003bcc                SysTick_Handler
 .text.DMA1_Channel2_IRQHandler
                0x08003bd8       0x14 ./Core/Src/stm32f1xx_it.o
                0x08003bd8                DMA1_Channel2_IRQHandler
 .text.DMA1_Channel3_IRQHandler
                0x08003bec       0x14 ./Core/Src/stm32f1xx_it.o
                0x08003bec                DMA1_Channel3_IRQHandler
 .text.USB_HP_CAN1_TX_IRQHandler
                0x08003c00       0x14 ./Core/Src/stm32f1xx_it.o
                0x08003c00                USB_HP_CAN1_TX_IRQHandler
 .text.USB_LP_CAN1_RX0_IRQHandler
                0x08003c14       0x14 ./Core/Src/stm32f1xx_it.o
                0x08003c14                USB_LP_CAN1_RX0_IRQHandler
 .text.USART3_IRQHandler
                0x08003c28       0x14 ./Core/Src/stm32f1xx_it.o
                0x08003c28                USART3_IRQHandler
 .text.TIM5_IRQHandler
                0x08003c3c       0x14 ./Core/Src/stm32f1xx_it.o
                0x08003c3c                TIM5_IRQHandler
 .text.TIM6_IRQHandler
                0x08003c50       0x14 ./Core/Src/stm32f1xx_it.o
                0x08003c50                TIM6_IRQHandler
 .text.SystemInit
                0x08003c64        0xc ./Core/Src/system_stm32f1xx.o
                0x08003c64                SystemInit
 .text.MX_TIM1_Init
                0x08003c70       0xb0 ./Core/Src/tim.o
                0x08003c70                MX_TIM1_Init
 .text.MX_TIM2_Init
                0x08003d20      0x12c ./Core/Src/tim.o
                0x08003d20                MX_TIM2_Init
 .text.MX_TIM3_Init
                0x08003e4c      0x104 ./Core/Src/tim.o
                0x08003e4c                MX_TIM3_Init
 .text.MX_TIM4_Init
                0x08003f50       0xa8 ./Core/Src/tim.o
                0x08003f50                MX_TIM4_Init
 .text.MX_TIM5_Init
                0x08003ff8       0x98 ./Core/Src/tim.o
                0x08003ff8                MX_TIM5_Init
 .text.MX_TIM7_Init
                0x08004090       0x6c ./Core/Src/tim.o
                0x08004090                MX_TIM7_Init
 .text.HAL_TIM_Encoder_MspInit
                0x080040fc       0xdc ./Core/Src/tim.o
                0x080040fc                HAL_TIM_Encoder_MspInit
 .text.HAL_TIM_Base_MspInit
                0x080041d8       0xc0 ./Core/Src/tim.o
                0x080041d8                HAL_TIM_Base_MspInit
 .text.HAL_TIM_MspPostInit
                0x08004298       0xd4 ./Core/Src/tim.o
                0x08004298                HAL_TIM_MspPostInit
 .text.MX_USART3_UART_Init
                0x0800436c       0x54 ./Core/Src/usart.o
                0x0800436c                MX_USART3_UART_Init
 .text.HAL_UART_MspInit
                0x080043c0      0x180 ./Core/Src/usart.o
                0x080043c0                HAL_UART_MspInit
 .text.Reset_Handler
                0x08004540       0x48 ./Core/Startup/startup_stm32f103rctx.o
                0x08004540                Reset_Handler
 .text.Default_Handler
                0x08004588        0x2 ./Core/Startup/startup_stm32f103rctx.o
                0x08004588                RTC_Alarm_IRQHandler
                0x08004588                EXTI2_IRQHandler
                0x08004588                TIM8_TRG_COM_IRQHandler
                0x08004588                TIM8_CC_IRQHandler
                0x08004588                TIM1_CC_IRQHandler
                0x08004588                PVD_IRQHandler
                0x08004588                SDIO_IRQHandler
                0x08004588                EXTI3_IRQHandler
                0x08004588                EXTI0_IRQHandler
                0x08004588                I2C2_EV_IRQHandler
                0x08004588                ADC1_2_IRQHandler
                0x08004588                SPI1_IRQHandler
                0x08004588                TAMPER_IRQHandler
                0x08004588                TIM8_UP_IRQHandler
                0x08004588                DMA2_Channel2_IRQHandler
                0x08004588                DMA1_Channel4_IRQHandler
                0x08004588                RTC_IRQHandler
                0x08004588                DMA1_Channel7_IRQHandler
                0x08004588                CAN1_RX1_IRQHandler
                0x08004588                UART5_IRQHandler
                0x08004588                ADC3_IRQHandler
                0x08004588                TIM4_IRQHandler
                0x08004588                DMA2_Channel1_IRQHandler
                0x08004588                I2C1_EV_IRQHandler
                0x08004588                DMA1_Channel6_IRQHandler
                0x08004588                UART4_IRQHandler
                0x08004588                TIM3_IRQHandler
                0x08004588                RCC_IRQHandler
                0x08004588                TIM1_TRG_COM_IRQHandler
                0x08004588                DMA1_Channel1_IRQHandler
                0x08004588                Default_Handler
                0x08004588                EXTI15_10_IRQHandler
                0x08004588                TIM7_IRQHandler
                0x08004588                EXTI9_5_IRQHandler
                0x08004588                SPI2_IRQHandler
                0x08004588                DMA1_Channel5_IRQHandler
                0x08004588                EXTI4_IRQHandler
                0x08004588                FSMC_IRQHandler
                0x08004588                TIM1_UP_IRQHandler
                0x08004588                WWDG_IRQHandler
                0x08004588                TIM2_IRQHandler
                0x08004588                TIM1_BRK_IRQHandler
                0x08004588                EXTI1_IRQHandler
                0x08004588                DMA2_Channel4_5_IRQHandler
                0x08004588                USART2_IRQHandler
                0x08004588                I2C2_ER_IRQHandler
                0x08004588                TIM8_BRK_IRQHandler
                0x08004588                CAN1_SCE_IRQHandler
                0x08004588                FLASH_IRQHandler
                0x08004588                USART1_IRQHandler
                0x08004588                SPI3_IRQHandler
                0x08004588                I2C1_ER_IRQHandler
                0x08004588                USBWakeUp_IRQHandler
                0x08004588                DMA2_Channel3_IRQHandler
 *fill*         0x0800458a        0x2 
 .text.HAL_Init
                0x0800458c       0x2c ./Drivers/STM32F1xx_HAL_Driver/Src/stm32f1xx_hal.o
                0x0800458c                HAL_Init
 .text.HAL_IncTick
                0x080045b8       0x24 ./Drivers/STM32F1xx_HAL_Driver/Src/stm32f1xx_hal.o
                0x080045b8                HAL_IncTick
 .text.HAL_GetTick
                0x080045dc       0x14 ./Drivers/STM32F1xx_HAL_Driver/Src/stm32f1xx_hal.o
                0x080045dc                HAL_GetTick
 .text.HAL_Delay
                0x080045f0       0x48 ./Drivers/STM32F1xx_HAL_Driver/Src/stm32f1xx_hal.o
                0x080045f0                HAL_Delay
 .text.__NVIC_SetPriorityGrouping
                0x08004638       0x48 ./Drivers/STM32F1xx_HAL_Driver/Src/stm32f1xx_hal_cortex.o
 .text.__NVIC_GetPriorityGrouping
                0x08004680       0x1c ./Drivers/STM32F1xx_HAL_Driver/Src/stm32f1xx_hal_cortex.o
 .text.__NVIC_EnableIRQ
                0x0800469c       0x38 ./Drivers/STM32F1xx_HAL_Driver/Src/stm32f1xx_hal_cortex.o
 .text.__NVIC_SetPriority
                0x080046d4       0x54 ./Drivers/STM32F1xx_HAL_Driver/Src/stm32f1xx_hal_cortex.o
 .text.NVIC_EncodePriority
                0x08004728       0x64 ./Drivers/STM32F1xx_HAL_Driver/Src/stm32f1xx_hal_cortex.o
 .text.HAL_NVIC_SetPriorityGrouping
                0x0800478c       0x16 ./Drivers/STM32F1xx_HAL_Driver/Src/stm32f1xx_hal_cortex.o
                0x0800478c                HAL_NVIC_SetPriorityGrouping
 .text.HAL_NVIC_SetPriority
                0x080047a2       0x38 ./Drivers/STM32F1xx_HAL_Driver/Src/stm32f1xx_hal_cortex.o
                0x080047a2                HAL_NVIC_SetPriority
 .text.HAL_NVIC_EnableIRQ
                0x080047da       0x1c ./Drivers/STM32F1xx_HAL_Driver/Src/stm32f1xx_hal_cortex.o
                0x080047da                HAL_NVIC_EnableIRQ
 *fill*         0x080047f6        0x2 
 .text.HAL_DMA_Init
                0x080047f8       0xec ./Drivers/STM32F1xx_HAL_Driver/Src/stm32f1xx_hal_dma.o
                0x080047f8                HAL_DMA_Init
 .text.HAL_DMA_Start_IT
                0x080048e4       0xc0 ./Drivers/STM32F1xx_HAL_Driver/Src/stm32f1xx_hal_dma.o
                0x080048e4                HAL_DMA_Start_IT
 .text.HAL_DMA_Abort
                0x080049a4       0x76 ./Drivers/STM32F1xx_HAL_Driver/Src/stm32f1xx_hal_dma.o
                0x080049a4                HAL_DMA_Abort
 *fill*         0x08004a1a        0x2 
 .text.HAL_DMA_Abort_IT
                0x08004a1c      0x210 ./Drivers/STM32F1xx_HAL_Driver/Src/stm32f1xx_hal_dma.o
                0x08004a1c                HAL_DMA_Abort_IT
 .text.HAL_DMA_IRQHandler
                0x08004c2c      0x478 ./Drivers/STM32F1xx_HAL_Driver/Src/stm32f1xx_hal_dma.o
                0x08004c2c                HAL_DMA_IRQHandler
 .text.HAL_DMA_GetError
                0x080050a4       0x16 ./Drivers/STM32F1xx_HAL_Driver/Src/stm32f1xx_hal_dma.o
                0x080050a4                HAL_DMA_GetError
 .text.DMA_SetConfig
                0x080050ba       0x5a ./Drivers/STM32F1xx_HAL_Driver/Src/stm32f1xx_hal_dma.o
 .text.HAL_GPIO_Init
                0x08005114      0x328 ./Drivers/STM32F1xx_HAL_Driver/Src/stm32f1xx_hal_gpio.o
                0x08005114                HAL_GPIO_Init
 .text.HAL_GPIO_WritePin
                0x0800543c       0x30 ./Drivers/STM32F1xx_HAL_Driver/Src/stm32f1xx_hal_gpio.o
                0x0800543c                HAL_GPIO_WritePin
 .text.HAL_PCD_Init
                0x0800546c      0x1ec ./Drivers/STM32F1xx_HAL_Driver/Src/stm32f1xx_hal_pcd.o
                0x0800546c                HAL_PCD_Init
 .text.HAL_PCD_Start
                0x08005658       0x4c ./Drivers/STM32F1xx_HAL_Driver/Src/stm32f1xx_hal_pcd.o
                0x08005658                HAL_PCD_Start
 .text.HAL_PCD_IRQHandler
                0x080056a4      0x260 ./Drivers/STM32F1xx_HAL_Driver/Src/stm32f1xx_hal_pcd.o
                0x080056a4                HAL_PCD_IRQHandler
 .text.HAL_PCD_SetAddress
                0x08005904       0x48 ./Drivers/STM32F1xx_HAL_Driver/Src/stm32f1xx_hal_pcd.o
                0x08005904                HAL_PCD_SetAddress
 .text.HAL_PCD_EP_Open
                0x0800594c       0xba ./Drivers/STM32F1xx_HAL_Driver/Src/stm32f1xx_hal_pcd.o
                0x0800594c                HAL_PCD_EP_Open
 .text.HAL_PCD_EP_Close
                0x08005a06       0x90 ./Drivers/STM32F1xx_HAL_Driver/Src/stm32f1xx_hal_pcd.o
                0x08005a06                HAL_PCD_EP_Close
 .text.HAL_PCD_EP_Receive
                0x08005a96       0x62 ./Drivers/STM32F1xx_HAL_Driver/Src/stm32f1xx_hal_pcd.o
                0x08005a96                HAL_PCD_EP_Receive
 .text.HAL_PCD_EP_GetRxCount
                0x08005af8       0x2e ./Drivers/STM32F1xx_HAL_Driver/Src/stm32f1xx_hal_pcd.o
                0x08005af8                HAL_PCD_EP_GetRxCount
 .text.HAL_PCD_EP_Transmit
                0x08005b26       0x6e ./Drivers/STM32F1xx_HAL_Driver/Src/stm32f1xx_hal_pcd.o
                0x08005b26                HAL_PCD_EP_Transmit
 .text.HAL_PCD_EP_SetStall
                0x08005b94       0xc0 ./Drivers/STM32F1xx_HAL_Driver/Src/stm32f1xx_hal_pcd.o
                0x08005b94                HAL_PCD_EP_SetStall
 .text.HAL_PCD_EP_ClrStall
                0x08005c54       0xa8 ./Drivers/STM32F1xx_HAL_Driver/Src/stm32f1xx_hal_pcd.o
                0x08005c54                HAL_PCD_EP_ClrStall
 .text.PCD_EP_ISR_Handler
                0x08005cfc      0x79e ./Drivers/STM32F1xx_HAL_Driver/Src/stm32f1xx_hal_pcd.o
 .text.HAL_PCD_EP_DB_Receive
                0x0800649a      0x21a ./Drivers/STM32F1xx_HAL_Driver/Src/stm32f1xx_hal_pcd.o
 .text.HAL_PCD_EP_DB_Transmit
                0x080066b4      0x7f4 ./Drivers/STM32F1xx_HAL_Driver/Src/stm32f1xx_hal_pcd.o
 .text.HAL_PCDEx_PMAConfig
                0x08006ea8       0x84 ./Drivers/STM32F1xx_HAL_Driver/Src/stm32f1xx_hal_pcd_ex.o
                0x08006ea8                HAL_PCDEx_PMAConfig
 .text.HAL_RCC_OscConfig
                0x08006f2c      0x504 ./Drivers/STM32F1xx_HAL_Driver/Src/stm32f1xx_hal_rcc.o
                0x08006f2c                HAL_RCC_OscConfig
 .text.HAL_RCC_ClockConfig
                0x08007430      0x1d4 ./Drivers/STM32F1xx_HAL_Driver/Src/stm32f1xx_hal_rcc.o
                0x08007430                HAL_RCC_ClockConfig
 .text.HAL_RCC_GetSysClockFreq
                0x08007604       0xa8 ./Drivers/STM32F1xx_HAL_Driver/Src/stm32f1xx_hal_rcc.o
                0x08007604                HAL_RCC_GetSysClockFreq
 .text.HAL_RCC_GetHCLKFreq
                0x080076ac       0x14 ./Drivers/STM32F1xx_HAL_Driver/Src/stm32f1xx_hal_rcc.o
                0x080076ac                HAL_RCC_GetHCLKFreq
 .text.HAL_RCC_GetPCLK1Freq
                0x080076c0       0x28 ./Drivers/STM32F1xx_HAL_Driver/Src/stm32f1xx_hal_rcc.o
                0x080076c0                HAL_RCC_GetPCLK1Freq
 .text.HAL_RCC_GetPCLK2Freq
                0x080076e8       0x28 ./Drivers/STM32F1xx_HAL_Driver/Src/stm32f1xx_hal_rcc.o
                0x080076e8                HAL_RCC_GetPCLK2Freq
 .text.HAL_RCC_GetClockConfig
                0x08007710       0x60 ./Drivers/STM32F1xx_HAL_Driver/Src/stm32f1xx_hal_rcc.o
                0x08007710                HAL_RCC_GetClockConfig
 .text.RCC_Delay
                0x08007770       0x3c ./Drivers/STM32F1xx_HAL_Driver/Src/stm32f1xx_hal_rcc.o
 .text.HAL_RCCEx_PeriphCLKConfig
                0x080077ac      0x16c ./Drivers/STM32F1xx_HAL_Driver/Src/stm32f1xx_hal_rcc_ex.o
                0x080077ac                HAL_RCCEx_PeriphCLKConfig
 .text.HAL_SPI_Init
                0x08007918      0x108 ./Drivers/STM32F1xx_HAL_Driver/Src/stm32f1xx_hal_spi.o
                0x08007918                HAL_SPI_Init
 .text.HAL_SPI_Transmit
                0x08007a20      0x288 ./Drivers/STM32F1xx_HAL_Driver/Src/stm32f1xx_hal_spi.o
                0x08007a20                HAL_SPI_Transmit
 .text.HAL_SPI_TransmitReceive
                0x08007ca8      0x352 ./Drivers/STM32F1xx_HAL_Driver/Src/stm32f1xx_hal_spi.o
                0x08007ca8                HAL_SPI_TransmitReceive
 *fill*         0x08007ffa        0x2 
 .text.SPI_WaitFlagStateUntilTimeout
                0x08007ffc      0x110 ./Drivers/STM32F1xx_HAL_Driver/Src/stm32f1xx_hal_spi.o
 .text.SPI_EndRxTxTransaction
                0x0800810c       0x62 ./Drivers/STM32F1xx_HAL_Driver/Src/stm32f1xx_hal_spi.o
 .text.HAL_TIM_Base_Init
                0x0800816e       0x9e ./Drivers/STM32F1xx_HAL_Driver/Src/stm32f1xx_hal_tim.o
                0x0800816e                HAL_TIM_Base_Init
 .text.HAL_TIM_Base_Start_IT
                0x0800820c       0xc0 ./Drivers/STM32F1xx_HAL_Driver/Src/stm32f1xx_hal_tim.o
                0x0800820c                HAL_TIM_Base_Start_IT
 .text.HAL_TIM_PWM_Init
                0x080082cc       0x9e ./Drivers/STM32F1xx_HAL_Driver/Src/stm32f1xx_hal_tim.o
                0x080082cc                HAL_TIM_PWM_Init
 .text.HAL_TIM_PWM_MspInit
                0x0800836a       0x12 ./Drivers/STM32F1xx_HAL_Driver/Src/stm32f1xx_hal_tim.o
                0x0800836a                HAL_TIM_PWM_MspInit
 .text.HAL_TIM_PWM_Start
                0x0800837c      0x174 ./Drivers/STM32F1xx_HAL_Driver/Src/stm32f1xx_hal_tim.o
                0x0800837c                HAL_TIM_PWM_Start
 .text.HAL_TIM_PWM_Stop
                0x080084f0       0xe0 ./Drivers/STM32F1xx_HAL_Driver/Src/stm32f1xx_hal_tim.o
                0x080084f0                HAL_TIM_PWM_Stop
 .text.HAL_TIM_Encoder_Init
                0x080085d0      0x144 ./Drivers/STM32F1xx_HAL_Driver/Src/stm32f1xx_hal_tim.o
                0x080085d0                HAL_TIM_Encoder_Init
 .text.HAL_TIM_Encoder_Start
                0x08008714      0x11c ./Drivers/STM32F1xx_HAL_Driver/Src/stm32f1xx_hal_tim.o
                0x08008714                HAL_TIM_Encoder_Start
 .text.HAL_TIM_Encoder_Stop
                0x08008830      0x12e ./Drivers/STM32F1xx_HAL_Driver/Src/stm32f1xx_hal_tim.o
                0x08008830                HAL_TIM_Encoder_Stop
 .text.HAL_TIM_IRQHandler
                0x0800895e      0x1e0 ./Drivers/STM32F1xx_HAL_Driver/Src/stm32f1xx_hal_tim.o
                0x0800895e                HAL_TIM_IRQHandler
 *fill*         0x08008b3e        0x2 
 .text.HAL_TIM_PWM_ConfigChannel
                0x08008b40      0x184 ./Drivers/STM32F1xx_HAL_Driver/Src/stm32f1xx_hal_tim.o
                0x08008b40                HAL_TIM_PWM_ConfigChannel
 .text.HAL_TIM_ConfigClockSource
                0x08008cc4      0x18e ./Drivers/STM32F1xx_HAL_Driver/Src/stm32f1xx_hal_tim.o
                0x08008cc4                HAL_TIM_ConfigClockSource
 .text.HAL_TIM_OC_DelayElapsedCallback
                0x08008e52       0x12 ./Drivers/STM32F1xx_HAL_Driver/Src/stm32f1xx_hal_tim.o
                0x08008e52                HAL_TIM_OC_DelayElapsedCallback
 .text.HAL_TIM_IC_CaptureCallback
                0x08008e64       0x12 ./Drivers/STM32F1xx_HAL_Driver/Src/stm32f1xx_hal_tim.o
                0x08008e64                HAL_TIM_IC_CaptureCallback
 .text.HAL_TIM_PWM_PulseFinishedCallback
                0x08008e76       0x12 ./Drivers/STM32F1xx_HAL_Driver/Src/stm32f1xx_hal_tim.o
                0x08008e76                HAL_TIM_PWM_PulseFinishedCallback
 .text.HAL_TIM_TriggerCallback
                0x08008e88       0x12 ./Drivers/STM32F1xx_HAL_Driver/Src/stm32f1xx_hal_tim.o
                0x08008e88                HAL_TIM_TriggerCallback
 *fill*         0x08008e9a        0x2 
 .text.TIM_Base_SetConfig
                0x08008e9c      0x10c ./Drivers/STM32F1xx_HAL_Driver/Src/stm32f1xx_hal_tim.o
                0x08008e9c                TIM_Base_SetConfig
 .text.TIM_OC1_SetConfig
                0x08008fa8       0xe0 ./Drivers/STM32F1xx_HAL_Driver/Src/stm32f1xx_hal_tim.o
 .text.TIM_OC2_SetConfig
                0x08009088       0xe8 ./Drivers/STM32F1xx_HAL_Driver/Src/stm32f1xx_hal_tim.o
                0x08009088                TIM_OC2_SetConfig
 .text.TIM_OC3_SetConfig
                0x08009170       0xe8 ./Drivers/STM32F1xx_HAL_Driver/Src/stm32f1xx_hal_tim.o
 .text.TIM_OC4_SetConfig
                0x08009258       0xa8 ./Drivers/STM32F1xx_HAL_Driver/Src/stm32f1xx_hal_tim.o
 .text.TIM_TI1_ConfigInputStage
                0x08009300       0x5c ./Drivers/STM32F1xx_HAL_Driver/Src/stm32f1xx_hal_tim.o
 .text.TIM_TI2_ConfigInputStage
                0x0800935c       0x5e ./Drivers/STM32F1xx_HAL_Driver/Src/stm32f1xx_hal_tim.o
 .text.TIM_ITRx_SetConfig
                0x080093ba       0x34 ./Drivers/STM32F1xx_HAL_Driver/Src/stm32f1xx_hal_tim.o
 .text.TIM_ETR_SetConfig
                0x080093ee       0x3e ./Drivers/STM32F1xx_HAL_Driver/Src/stm32f1xx_hal_tim.o
                0x080093ee                TIM_ETR_SetConfig
 .text.TIM_CCxChannelCmd
                0x0800942c       0x48 ./Drivers/STM32F1xx_HAL_Driver/Src/stm32f1xx_hal_tim.o
                0x0800942c                TIM_CCxChannelCmd
 .text.HAL_TIMEx_MasterConfigSynchronization
                0x08009474       0xd8 ./Drivers/STM32F1xx_HAL_Driver/Src/stm32f1xx_hal_tim_ex.o
                0x08009474                HAL_TIMEx_MasterConfigSynchronization
 .text.HAL_TIMEx_CommutCallback
                0x0800954c       0x12 ./Drivers/STM32F1xx_HAL_Driver/Src/stm32f1xx_hal_tim_ex.o
                0x0800954c                HAL_TIMEx_CommutCallback
 .text.HAL_TIMEx_BreakCallback
                0x0800955e       0x12 ./Drivers/STM32F1xx_HAL_Driver/Src/stm32f1xx_hal_tim_ex.o
                0x0800955e                HAL_TIMEx_BreakCallback
 .text.HAL_UART_Init
                0x08009570       0xa0 ./Drivers/STM32F1xx_HAL_Driver/Src/stm32f1xx_hal_uart.o
                0x08009570                HAL_UART_Init
 .text.HAL_UART_Receive_DMA
                0x08009610       0x4a ./Drivers/STM32F1xx_HAL_Driver/Src/stm32f1xx_hal_uart.o
                0x08009610                HAL_UART_Receive_DMA
 .text.HAL_UART_AbortReceive
                0x0800965a      0x146 ./Drivers/STM32F1xx_HAL_Driver/Src/stm32f1xx_hal_uart.o
                0x0800965a                HAL_UART_AbortReceive
 .text.HAL_UART_IRQHandler
                0x080097a0      0x524 ./Drivers/STM32F1xx_HAL_Driver/Src/stm32f1xx_hal_uart.o
                0x080097a0                HAL_UART_IRQHandler
 .text.HAL_UART_TxCpltCallback
                0x08009cc4       0x12 ./Drivers/STM32F1xx_HAL_Driver/Src/stm32f1xx_hal_uart.o
                0x08009cc4                HAL_UART_TxCpltCallback
 .text.HAL_UARTEx_RxEventCallback
                0x08009cd6       0x16 ./Drivers/STM32F1xx_HAL_Driver/Src/stm32f1xx_hal_uart.o
                0x08009cd6                HAL_UARTEx_RxEventCallback
 .text.UART_DMAReceiveCplt
                0x08009cec      0x12c ./Drivers/STM32F1xx_HAL_Driver/Src/stm32f1xx_hal_uart.o
 .text.UART_DMARxHalfCplt
                0x08009e18       0x3c ./Drivers/STM32F1xx_HAL_Driver/Src/stm32f1xx_hal_uart.o
 .text.UART_DMAError
                0x08009e54       0x94 ./Drivers/STM32F1xx_HAL_Driver/Src/stm32f1xx_hal_uart.o
 .text.UART_Start_Receive_DMA
                0x08009ee8      0x134 ./Drivers/STM32F1xx_HAL_Driver/Src/stm32f1xx_hal_uart.o
                0x08009ee8                UART_Start_Receive_DMA
 .text.UART_EndTxTransfer
                0x0800a01c       0x4e ./Drivers/STM32F1xx_HAL_Driver/Src/stm32f1xx_hal_uart.o
 .text.UART_EndRxTransfer
                0x0800a06a       0xc4 ./Drivers/STM32F1xx_HAL_Driver/Src/stm32f1xx_hal_uart.o
 .text.UART_DMAAbortOnError
                0x0800a12e       0x28 ./Drivers/STM32F1xx_HAL_Driver/Src/stm32f1xx_hal_uart.o
 .text.UART_Transmit_IT
                0x0800a156       0x9e ./Drivers/STM32F1xx_HAL_Driver/Src/stm32f1xx_hal_uart.o
 .text.UART_EndTransmit_IT
                0x0800a1f4       0x30 ./Drivers/STM32F1xx_HAL_Driver/Src/stm32f1xx_hal_uart.o
 .text.UART_Receive_IT
                0x0800a224      0x17c ./Drivers/STM32F1xx_HAL_Driver/Src/stm32f1xx_hal_uart.o
 .text.UART_SetConfig
                0x0800a3a0      0x11c ./Drivers/STM32F1xx_HAL_Driver/Src/stm32f1xx_hal_uart.o
 .text.USB_CoreInit
                0x0800a4bc       0x1a ./Drivers/STM32F1xx_HAL_Driver/Src/stm32f1xx_ll_usb.o
                0x0800a4bc                USB_CoreInit
 .text.USB_EnableGlobalInt
                0x0800a4d6       0x2c ./Drivers/STM32F1xx_HAL_Driver/Src/stm32f1xx_ll_usb.o
                0x0800a4d6                USB_EnableGlobalInt
 .text.USB_DisableGlobalInt
                0x0800a502       0x34 ./Drivers/STM32F1xx_HAL_Driver/Src/stm32f1xx_ll_usb.o
                0x0800a502                USB_DisableGlobalInt
 .text.USB_SetCurrentMode
                0x0800a536       0x18 ./Drivers/STM32F1xx_HAL_Driver/Src/stm32f1xx_ll_usb.o
                0x0800a536                USB_SetCurrentMode
 .text.USB_DevInit
                0x0800a54e       0x3a ./Drivers/STM32F1xx_HAL_Driver/Src/stm32f1xx_ll_usb.o
                0x0800a54e                USB_DevInit
 .text.USB_ActivateEndpoint
                0x0800a588      0x780 ./Drivers/STM32F1xx_HAL_Driver/Src/stm32f1xx_ll_usb.o
                0x0800a588                USB_ActivateEndpoint
 .text.USB_DeactivateEndpoint
                0x0800ad08      0x3d8 ./Drivers/STM32F1xx_HAL_Driver/Src/stm32f1xx_ll_usb.o
                0x0800ad08                USB_DeactivateEndpoint
 .text.USB_EPStartXfer
                0x0800b0e0     0x1762 ./Drivers/STM32F1xx_HAL_Driver/Src/stm32f1xx_ll_usb.o
                0x0800b0e0                USB_EPStartXfer
 .text.USB_EPSetStall
                0x0800c842       0xa0 ./Drivers/STM32F1xx_HAL_Driver/Src/stm32f1xx_ll_usb.o
                0x0800c842                USB_EPSetStall
 .text.USB_EPClearStall
                0x0800c8e2      0x15a ./Drivers/STM32F1xx_HAL_Driver/Src/stm32f1xx_ll_usb.o
                0x0800c8e2                USB_EPClearStall
 .text.USB_SetDevAddress
                0x0800ca3c       0x26 ./Drivers/STM32F1xx_HAL_Driver/Src/stm32f1xx_ll_usb.o
                0x0800ca3c                USB_SetDevAddress
 .text.USB_DevConnect
                0x0800ca62       0x14 ./Drivers/STM32F1xx_HAL_Driver/Src/stm32f1xx_ll_usb.o
                0x0800ca62                USB_DevConnect
 .text.USB_DevDisconnect
                0x0800ca76       0x14 ./Drivers/STM32F1xx_HAL_Driver/Src/stm32f1xx_ll_usb.o
                0x0800ca76                USB_DevDisconnect
 .text.USB_ReadInterrupts
                0x0800ca8a       0x1e ./Drivers/STM32F1xx_HAL_Driver/Src/stm32f1xx_ll_usb.o
                0x0800ca8a                USB_ReadInterrupts
 .text.USB_EP0_OutStart
                0x0800caa8       0x16 ./Drivers/STM32F1xx_HAL_Driver/Src/stm32f1xx_ll_usb.o
                0x0800caa8                USB_EP0_OutStart
 .text.USB_WritePMA
                0x0800cabe       0x8c ./Drivers/STM32F1xx_HAL_Driver/Src/stm32f1xx_ll_usb.o
                0x0800cabe                USB_WritePMA
 .text.USB_ReadPMA
                0x0800cb4a       0x9e ./Drivers/STM32F1xx_HAL_Driver/Src/stm32f1xx_ll_usb.o
                0x0800cb4a                USB_ReadPMA
 .text.USBD_CDC_Init
                0x0800cbe8       0xf4 ./Middlewares/ST/STM32_USB_Device_Library/Class/CDC/Src/usbd_cdc.o
 .text.USBD_CDC_DeInit
                0x0800ccdc       0x6e ./Middlewares/ST/STM32_USB_Device_Library/Class/CDC/Src/usbd_cdc.o
 .text.USBD_CDC_Setup
                0x0800cd4a      0x146 ./Middlewares/ST/STM32_USB_Device_Library/Class/CDC/Src/usbd_cdc.o
 .text.USBD_CDC_DataIn
                0x0800ce90       0xa6 ./Middlewares/ST/STM32_USB_Device_Library/Class/CDC/Src/usbd_cdc.o
 .text.USBD_CDC_DataOut
                0x0800cf36       0x56 ./Middlewares/ST/STM32_USB_Device_Library/Class/CDC/Src/usbd_cdc.o
 .text.USBD_CDC_EP0_RxReady
                0x0800cf8c       0x4e ./Middlewares/ST/STM32_USB_Device_Library/Class/CDC/Src/usbd_cdc.o
 *fill*         0x0800cfda        0x2 
 .text.USBD_CDC_GetFSCfgDesc
                0x0800cfdc       0x20 ./Middlewares/ST/STM32_USB_Device_Library/Class/CDC/Src/usbd_cdc.o
 .text.USBD_CDC_GetHSCfgDesc
                0x0800cffc       0x20 ./Middlewares/ST/STM32_USB_Device_Library/Class/CDC/Src/usbd_cdc.o
 .text.USBD_CDC_GetOtherSpeedCfgDesc
                0x0800d01c       0x20 ./Middlewares/ST/STM32_USB_Device_Library/Class/CDC/Src/usbd_cdc.o
 .text.USBD_CDC_GetDeviceQualifierDescriptor
                0x0800d03c       0x20 ./Middlewares/ST/STM32_USB_Device_Library/Class/CDC/Src/usbd_cdc.o
                0x0800d03c                USBD_CDC_GetDeviceQualifierDescriptor
 .text.USBD_CDC_RegisterInterface
                0x0800d05c       0x2c ./Middlewares/ST/STM32_USB_Device_Library/Class/CDC/Src/usbd_cdc.o
                0x0800d05c                USBD_CDC_RegisterInterface
 .text.USBD_CDC_SetTxBuffer
                0x0800d088       0x32 ./Middlewares/ST/STM32_USB_Device_Library/Class/CDC/Src/usbd_cdc.o
                0x0800d088                USBD_CDC_SetTxBuffer
 .text.USBD_CDC_SetRxBuffer
                0x0800d0ba       0x26 ./Middlewares/ST/STM32_USB_Device_Library/Class/CDC/Src/usbd_cdc.o
                0x0800d0ba                USBD_CDC_SetRxBuffer
 .text.USBD_CDC_TransmitPacket
                0x0800d0e0       0x5e ./Middlewares/ST/STM32_USB_Device_Library/Class/CDC/Src/usbd_cdc.o
                0x0800d0e0                USBD_CDC_TransmitPacket
 .text.USBD_CDC_ReceivePacket
                0x0800d13e       0x54 ./Middlewares/ST/STM32_USB_Device_Library/Class/CDC/Src/usbd_cdc.o
                0x0800d13e                USBD_CDC_ReceivePacket
 .text.USBD_Init
                0x0800d192       0x56 ./Middlewares/ST/STM32_USB_Device_Library/Core/Src/usbd_core.o
                0x0800d192                USBD_Init
 .text.USBD_RegisterClass
                0x0800d1e8       0x32 ./Middlewares/ST/STM32_USB_Device_Library/Core/Src/usbd_core.o
                0x0800d1e8                USBD_RegisterClass
 .text.USBD_Start
                0x0800d21a       0x18 ./Middlewares/ST/STM32_USB_Device_Library/Core/Src/usbd_core.o
                0x0800d21a                USBD_Start
 .text.USBD_RunTestMode
                0x0800d232       0x14 ./Middlewares/ST/STM32_USB_Device_Library/Core/Src/usbd_core.o
                0x0800d232                USBD_RunTestMode
 .text.USBD_SetClassConfig
                0x0800d246       0x3e ./Middlewares/ST/STM32_USB_Device_Library/Core/Src/usbd_core.o
                0x0800d246                USBD_SetClassConfig
 .text.USBD_ClrClassConfig
                0x0800d284       0x26 ./Middlewares/ST/STM32_USB_Device_Library/Core/Src/usbd_core.o
                0x0800d284                USBD_ClrClassConfig
 .text.USBD_LL_SetupStage
                0x0800d2aa       0x9a ./Middlewares/ST/STM32_USB_Device_Library/Core/Src/usbd_core.o
                0x0800d2aa                USBD_LL_SetupStage
 .text.USBD_LL_DataOutStage
                0x0800d344       0xe2 ./Middlewares/ST/STM32_USB_Device_Library/Core/Src/usbd_core.o
                0x0800d344                USBD_LL_DataOutStage
 .text.USBD_LL_DataInStage
                0x0800d426      0x14a ./Middlewares/ST/STM32_USB_Device_Library/Core/Src/usbd_core.o
                0x0800d426                USBD_LL_DataInStage
 .text.USBD_LL_Reset
                0x0800d570       0x82 ./Middlewares/ST/STM32_USB_Device_Library/Core/Src/usbd_core.o
                0x0800d570                USBD_LL_Reset
 .text.USBD_LL_SetSpeed
                0x0800d5f2       0x1e ./Middlewares/ST/STM32_USB_Device_Library/Core/Src/usbd_core.o
                0x0800d5f2                USBD_LL_SetSpeed
 .text.USBD_LL_Suspend
                0x0800d610       0x28 ./Middlewares/ST/STM32_USB_Device_Library/Core/Src/usbd_core.o
                0x0800d610                USBD_LL_Suspend
 .text.USBD_LL_Resume
                0x0800d638       0x2a ./Middlewares/ST/STM32_USB_Device_Library/Core/Src/usbd_core.o
                0x0800d638                USBD_LL_Resume
 .text.USBD_LL_SOF
                0x0800d662       0x34 ./Middlewares/ST/STM32_USB_Device_Library/Core/Src/usbd_core.o
                0x0800d662                USBD_LL_SOF
 *fill*         0x0800d696        0x2 
 .text.USBD_StdDevReq
                0x0800d698       0xd4 ./Middlewares/ST/STM32_USB_Device_Library/Core/Src/usbd_ctlreq.o
                0x0800d698                USBD_StdDevReq
 .text.USBD_StdItfReq
                0x0800d76c       0x90 ./Middlewares/ST/STM32_USB_Device_Library/Core/Src/usbd_ctlreq.o
                0x0800d76c                USBD_StdItfReq
 .text.USBD_StdEPReq
                0x0800d7fc      0x2c6 ./Middlewares/ST/STM32_USB_Device_Library/Core/Src/usbd_ctlreq.o
                0x0800d7fc                USBD_StdEPReq
 *fill*         0x0800dac2        0x2 
 .text.USBD_GetDescriptor
                0x0800dac4      0x2d0 ./Middlewares/ST/STM32_USB_Device_Library/Core/Src/usbd_ctlreq.o
 .text.USBD_SetAddress
                0x0800dd94       0x86 ./Middlewares/ST/STM32_USB_Device_Library/Core/Src/usbd_ctlreq.o
 *fill*         0x0800de1a        0x2 
 .text.USBD_SetConfig
                0x0800de1c      0x11c ./Middlewares/ST/STM32_USB_Device_Library/Core/Src/usbd_ctlreq.o
 .text.USBD_GetConfig
                0x0800df38       0x6a ./Middlewares/ST/STM32_USB_Device_Library/Core/Src/usbd_ctlreq.o
 .text.USBD_GetStatus
                0x0800dfa2       0x66 ./Middlewares/ST/STM32_USB_Device_Library/Core/Src/usbd_ctlreq.o
 .text.USBD_SetFeature
                0x0800e008       0x28 ./Middlewares/ST/STM32_USB_Device_Library/Core/Src/usbd_ctlreq.o
 .text.USBD_ClrFeature
                0x0800e030       0x42 ./Middlewares/ST/STM32_USB_Device_Library/Core/Src/usbd_ctlreq.o
 .text.USBD_ParseSetupRequest
                0x0800e072       0x72 ./Middlewares/ST/STM32_USB_Device_Library/Core/Src/usbd_ctlreq.o
                0x0800e072                USBD_ParseSetupRequest
 .text.USBD_CtlError
                0x0800e0e4       0x22 ./Middlewares/ST/STM32_USB_Device_Library/Core/Src/usbd_ctlreq.o
                0x0800e0e4                USBD_CtlError
 .text.USBD_GetString
                0x0800e106       0x84 ./Middlewares/ST/STM32_USB_Device_Library/Core/Src/usbd_ctlreq.o
                0x0800e106                USBD_GetString
 .text.USBD_GetLen
                0x0800e18a       0x2e ./Middlewares/ST/STM32_USB_Device_Library/Core/Src/usbd_ctlreq.o
 .text.USBD_CtlSendData
                0x0800e1b8       0x38 ./Middlewares/ST/STM32_USB_Device_Library/Core/Src/usbd_ioreq.o
                0x0800e1b8                USBD_CtlSendData
 .text.USBD_CtlContinueSendData
                0x0800e1f0       0x24 ./Middlewares/ST/STM32_USB_Device_Library/Core/Src/usbd_ioreq.o
                0x0800e1f0                USBD_CtlContinueSendData
 .text.USBD_CtlPrepareRx
                0x0800e214       0x3c ./Middlewares/ST/STM32_USB_Device_Library/Core/Src/usbd_ioreq.o
                0x0800e214                USBD_CtlPrepareRx
 .text.USBD_CtlContinueRx
                0x0800e250       0x24 ./Middlewares/ST/STM32_USB_Device_Library/Core/Src/usbd_ioreq.o
                0x0800e250                USBD_CtlContinueRx
 .text.USBD_CtlSendStatus
                0x0800e274       0x26 ./Middlewares/ST/STM32_USB_Device_Library/Core/Src/usbd_ioreq.o
                0x0800e274                USBD_CtlSendStatus
 .text.USBD_CtlReceiveStatus
                0x0800e29a       0x26 ./Middlewares/ST/STM32_USB_Device_Library/Core/Src/usbd_ioreq.o
                0x0800e29a                USBD_CtlReceiveStatus
 .text.MX_USB_DEVICE_Init
                0x0800e2c0       0x60 ./USB_DEVICE/App/usb_device.o
                0x0800e2c0                MX_USB_DEVICE_Init
 .text.CDC_Init_FS
                0x0800e320       0x28 ./USB_DEVICE/App/usbd_cdc_if.o
 .text.CDC_DeInit_FS
                0x0800e348        0xe ./USB_DEVICE/App/usbd_cdc_if.o
 *fill*         0x0800e356        0x2 
 .text.CDC_Control_FS
                0x0800e358       0xbc ./USB_DEVICE/App/usbd_cdc_if.o
 .text.CDC_Receive_FS
                0x0800e414       0x44 ./USB_DEVICE/App/usbd_cdc_if.o
 .text.CDC_Transmit_FS
                0x0800e458       0x70 ./USB_DEVICE/App/usbd_cdc_if.o
                0x0800e458                CDC_Transmit_FS
 .text.CDC_TransmitReady_FS
                0x0800e4c8       0x44 ./USB_DEVICE/App/usbd_cdc_if.o
                0x0800e4c8                CDC_TransmitReady_FS
 .text.USBD_FS_DeviceDescriptor
                0x0800e50c       0x24 ./USB_DEVICE/App/usbd_desc.o
                0x0800e50c                USBD_FS_DeviceDescriptor
 .text.USBD_FS_LangIDStrDescriptor
                0x0800e530       0x24 ./USB_DEVICE/App/usbd_desc.o
                0x0800e530                USBD_FS_LangIDStrDescriptor
 .text.USBD_FS_ProductStrDescriptor
                0x0800e554       0x3c ./USB_DEVICE/App/usbd_desc.o
                0x0800e554                USBD_FS_ProductStrDescriptor
 .text.USBD_FS_ManufacturerStrDescriptor
                0x0800e590       0x28 ./USB_DEVICE/App/usbd_desc.o
                0x0800e590                USBD_FS_ManufacturerStrDescriptor
 .text.USBD_FS_SerialStrDescriptor
                0x0800e5b8       0x24 ./USB_DEVICE/App/usbd_desc.o
                0x0800e5b8                USBD_FS_SerialStrDescriptor
 .text.USBD_FS_ConfigStrDescriptor
                0x0800e5dc       0x3c ./USB_DEVICE/App/usbd_desc.o
                0x0800e5dc                USBD_FS_ConfigStrDescriptor
 .text.USBD_FS_InterfaceStrDescriptor
                0x0800e618       0x3c ./USB_DEVICE/App/usbd_desc.o
                0x0800e618                USBD_FS_InterfaceStrDescriptor
 .text.Get_SerialNum
                0x0800e654       0x58 ./USB_DEVICE/App/usbd_desc.o
 .text.IntToUnicode
                0x0800e6ac       0x7c ./USB_DEVICE/App/usbd_desc.o
 .text.HAL_PCD_MspInit
                0x0800e728       0x5c ./USB_DEVICE/Target/usbd_conf.o
                0x0800e728                HAL_PCD_MspInit
 .text.HAL_PCD_SetupStageCallback
                0x0800e784       0x24 ./USB_DEVICE/Target/usbd_conf.o
                0x0800e784                HAL_PCD_SetupStageCallback
 .text.HAL_PCD_DataOutStageCallback
                0x0800e7a8       0x36 ./USB_DEVICE/Target/usbd_conf.o
                0x0800e7a8                HAL_PCD_DataOutStageCallback
 .text.HAL_PCD_DataInStageCallback
                0x0800e7de       0x34 ./USB_DEVICE/Target/usbd_conf.o
                0x0800e7de                HAL_PCD_DataInStageCallback
 .text.HAL_PCD_SOFCallback
                0x0800e812       0x1c ./USB_DEVICE/Target/usbd_conf.o
                0x0800e812                HAL_PCD_SOFCallback
 .text.HAL_PCD_ResetCallback
                0x0800e82e       0x3c ./USB_DEVICE/Target/usbd_conf.o
                0x0800e82e                HAL_PCD_ResetCallback
 *fill*         0x0800e86a        0x2 
 .text.HAL_PCD_SuspendCallback
                0x0800e86c       0x34 ./USB_DEVICE/Target/usbd_conf.o
                0x0800e86c                HAL_PCD_SuspendCallback
 .text.HAL_PCD_ResumeCallback
                0x0800e8a0       0x1c ./USB_DEVICE/Target/usbd_conf.o
                0x0800e8a0                HAL_PCD_ResumeCallback
 .text.USBD_LL_Init
                0x0800e8bc       0xb4 ./USB_DEVICE/Target/usbd_conf.o
                0x0800e8bc                USBD_LL_Init
 .text.USBD_LL_Start
                0x0800e970       0x36 ./USB_DEVICE/Target/usbd_conf.o
                0x0800e970                USBD_LL_Start
 .text.USBD_LL_OpenEP
                0x0800e9a6       0x4c ./USB_DEVICE/Target/usbd_conf.o
                0x0800e9a6                USBD_LL_OpenEP
 .text.USBD_LL_CloseEP
                0x0800e9f2       0x3e ./USB_DEVICE/Target/usbd_conf.o
                0x0800e9f2                USBD_LL_CloseEP
 .text.USBD_LL_StallEP
                0x0800ea30       0x3e ./USB_DEVICE/Target/usbd_conf.o
                0x0800ea30                USBD_LL_StallEP
 .text.USBD_LL_ClearStallEP
                0x0800ea6e       0x3e ./USB_DEVICE/Target/usbd_conf.o
                0x0800ea6e                USBD_LL_ClearStallEP
 .text.USBD_LL_IsStallEP
                0x0800eaac       0x56 ./USB_DEVICE/Target/usbd_conf.o
                0x0800eaac                USBD_LL_IsStallEP
 .text.USBD_LL_SetUSBAddress
                0x0800eb02       0x3e ./USB_DEVICE/Target/usbd_conf.o
                0x0800eb02                USBD_LL_SetUSBAddress
 .text.USBD_LL_Transmit
                0x0800eb40       0x46 ./USB_DEVICE/Target/usbd_conf.o
                0x0800eb40                USBD_LL_Transmit
 .text.USBD_LL_PrepareReceive
                0x0800eb86       0x46 ./USB_DEVICE/Target/usbd_conf.o
                0x0800eb86                USBD_LL_PrepareReceive
 .text.USBD_LL_GetRxDataSize
                0x0800ebcc       0x26 ./USB_DEVICE/Target/usbd_conf.o
                0x0800ebcc                USBD_LL_GetRxDataSize
 *fill*         0x0800ebf2        0x2 
 .text.USBD_static_malloc
                0x0800ebf4       0x18 ./USB_DEVICE/Target/usbd_conf.o
                0x0800ebf4                USBD_static_malloc
 .text.USBD_static_free
                0x0800ec0c       0x12 ./USB_DEVICE/Target/usbd_conf.o
                0x0800ec0c                USBD_static_free
 .text.HAL_PCDEx_SetConnectionState
                0x0800ec1e       0x16 ./USB_DEVICE/Target/usbd_conf.o
                0x0800ec1e                HAL_PCDEx_SetConnectionState
 .text.USBD_Get_USB_Status
                0x0800ec34       0x58 ./USB_DEVICE/Target/usbd_conf.o
 .text.memset   0x0800ec8c       0x10 D:/armdeveloperadder/13.3 rel1/bin/../lib/gcc/arm-none-eabi/13.3.1/thumb/v7-m/nofp\libc_nano.a(libc_a-memset.o)
                0x0800ec8c                memset
 .text.__errno  0x0800ec9c        0xc D:/armdeveloperadder/13.3 rel1/bin/../lib/gcc/arm-none-eabi/13.3.1/thumb/v7-m/nofp\libc_nano.a(libc_a-errno.o)
                0x0800ec9c                __errno
 .text.__libc_init_array
                0x0800eca8       0x48 D:/armdeveloperadder/13.3 rel1/bin/../lib/gcc/arm-none-eabi/13.3.1/thumb/v7-m/nofp\libc_nano.a(libc_a-init.o)
                0x0800eca8                __libc_init_array
 .text.memcpy   0x0800ecf0       0x1c D:/armdeveloperadder/13.3 rel1/bin/../lib/gcc/arm-none-eabi/13.3.1/thumb/v7-m/nofp\libc_nano.a(libc_a-memcpy-stub.o)
                0x0800ecf0                memcpy
 .text.copysignf
                0x0800ed0c        0x8 D:/armdeveloperadder/13.3 rel1/bin/../lib/gcc/arm-none-eabi/13.3.1/thumb/v7-m/nofp\libc_nano.a(libm_a-sf_copysign.o)
                0x0800ed0c                copysignf
 .text.hypotf   0x0800ed14       0x38 D:/armdeveloperadder/13.3 rel1/bin/../lib/gcc/arm-none-eabi/13.3.1/thumb/v7-m/nofp\libm.a(libm_a-wf_hypot.o)
                0x0800ed14                hypotf
 .text.finitef  0x0800ed4c       0x10 D:/armdeveloperadder/13.3 rel1/bin/../lib/gcc/arm-none-eabi/13.3.1/thumb/v7-m/nofp\libm.a(libm_a-sf_finite.o)
                0x0800ed4c                finitef
 .text.lroundf  0x0800ed5c       0x64 D:/armdeveloperadder/13.3 rel1/bin/../lib/gcc/arm-none-eabi/13.3.1/thumb/v7-m/nofp\libm.a(libm_a-sf_lround.o)
                0x0800ed5c                lroundf
 .text.__ieee754_hypotf
                0x0800edc0      0x19c D:/armdeveloperadder/13.3 rel1/bin/../lib/gcc/arm-none-eabi/13.3.1/thumb/v7-m/nofp\libm.a(libm_a-ef_hypot.o)
                0x0800edc0                __ieee754_hypotf
 .text.__ieee754_sqrtf
                0x0800ef5c       0xe4 D:/armdeveloperadder/13.3 rel1/bin/../lib/gcc/arm-none-eabi/13.3.1/thumb/v7-m/nofp\libm.a(libm_a-ef_sqrt.o)
                0x0800ef5c                __ieee754_sqrtf
 *(.glue_7)
 .glue_7        0x0800f040        0x0 linker stubs
 *(.glue_7t)
 .glue_7t       0x0800f040        0x0 linker stubs
 *(.eh_frame)
 .eh_frame      0x0800f040        0x0 D:/armdeveloperadder/13.3 rel1/bin/../lib/gcc/arm-none-eabi/13.3.1/thumb/v7-m/nofp/crtbegin.o
 *(.init)
 .init          0x0800f040        0x4 D:/armdeveloperadder/13.3 rel1/bin/../lib/gcc/arm-none-eabi/13.3.1/thumb/v7-m/nofp/crti.o
                0x0800f040                _init
 .init          0x0800f044        0x8 D:/armdeveloperadder/13.3 rel1/bin/../lib/gcc/arm-none-eabi/13.3.1/thumb/v7-m/nofp/crtn.o
 *(.fini)
 .fini          0x0800f04c        0x4 D:/armdeveloperadder/13.3 rel1/bin/../lib/gcc/arm-none-eabi/13.3.1/thumb/v7-m/nofp/crti.o
                0x0800f04c                _fini
 .fini          0x0800f050        0x8 D:/armdeveloperadder/13.3 rel1/bin/../lib/gcc/arm-none-eabi/13.3.1/thumb/v7-m/nofp/crtn.o
                0x0800f058                        . = ALIGN (0x4)
                0x0800f058                        _etext = .

.vfp11_veneer   0x0800f058        0x0
 .vfp11_veneer  0x0800f058        0x0 linker stubs

.v4_bx          0x0800f058        0x0
 .v4_bx         0x0800f058        0x0 linker stubs

.iplt           0x0800f058        0x0
 .iplt          0x0800f058        0x0 D:/armdeveloperadder/13.3 rel1/bin/../lib/gcc/arm-none-eabi/13.3.1/thumb/v7-m/nofp/crtbegin.o

.rodata         0x0800f058       0xc8
                0x0800f058                        . = ALIGN (0x4)
 *(.rodata)
 .rodata        0x0800f058       0x46 ./USB_DEVICE/App/usbd_desc.o
 *(.rodata*)
 *fill*         0x0800f09e        0x2 
 .rodata.left_field
                0x0800f0a0        0x8 ./Core/Src/chassis.o
 .rodata.right_field
                0x0800f0a8        0x8 ./Core/Src/chassis.o
 .rodata.device_info
                0x0800f0b0        0xc ./Core/Src/protocol.o
 .rodata.word_radicals
                0x0800f0bc        0xc ./Core/Src/robot.o
 .rodata.aim_table
                0x0800f0c8       0x24 ./Core/Src/robot.o
 .rodata.AHBPrescTable
                0x0800f0ec       0x10 ./Core/Src/system_stm32f1xx.o
                0x0800f0ec                AHBPrescTable
 .rodata.APBPrescTable
                0x0800f0fc        0x8 ./Core/Src/system_stm32f1xx.o
                0x0800f0fc                APBPrescTable
 .rodata.aPLLMULFactorTable.1
                0x0800f104       0x10 ./Drivers/STM32F1xx_HAL_Driver/Src/stm32f1xx_hal_rcc.o
 .rodata.aPredivFactorTable.0
                0x0800f114        0x2 ./Drivers/STM32F1xx_HAL_Driver/Src/stm32f1xx_hal_rcc.o
 *fill*         0x0800f116        0x2 
 .rodata.tiny   0x0800f118        0x4 D:/armdeveloperadder/13.3 rel1/bin/../lib/gcc/arm-none-eabi/13.3.1/thumb/v7-m/nofp\libm.a(libm_a-ef_sqrt.o)
 .rodata.one    0x0800f11c        0x4 D:/armdeveloperadder/13.3 rel1/bin/../lib/gcc/arm-none-eabi/13.3.1/thumb/v7-m/nofp\libm.a(libm_a-ef_sqrt.o)
                0x0800f120                        . = ALIGN (0x4)

.ARM.extab      0x0800f120        0x0
                0x0800f120                        . = ALIGN (0x4)
 *(.ARM.extab* .gnu.linkonce.armextab.*)
                0x0800f120                        . = ALIGN (0x4)

.ARM            0x0800f120        0x0
                0x0800f120                        . = ALIGN (0x4)
                0x0800f120                        __exidx_start = .
 *(.ARM.exidx*)
                0x0800f120                        __exidx_end = .
                0x0800f120                        . = ALIGN (0x4)

.preinit_array  0x0800f120        0x0
                0x0800f120                        . = ALIGN (0x4)
                0x0800f120                        PROVIDE (__preinit_array_start = .)
 *(.preinit_array*)
                0x0800f120                        PROVIDE (__preinit_array_end = .)
                0x0800f120                        . = ALIGN (0x4)

.init_array     0x0800f120        0x4
                0x0800f120                        . = ALIGN (0x4)
                0x0800f120                        PROVIDE (__init_array_start = .)
 *(SORT_BY_NAME(.init_array.*))
 *(.init_array*)
 .init_array    0x0800f120        0x4 D:/armdeveloperadder/13.3 rel1/bin/../lib/gcc/arm-none-eabi/13.3.1/thumb/v7-m/nofp/crtbegin.o
                0x0800f124                        PROVIDE (__init_array_end = .)
                0x0800f124                        . = ALIGN (0x4)

.fini_array     0x0800f124        0x4
                0x0800f124                        . = ALIGN (0x4)
                [!provide]                        PROVIDE (__fini_array_start = .)
 *(SORT_BY_NAME(.fini_array.*))
 *(.fini_array*)
 .fini_array    0x0800f124        0x4 D:/armdeveloperadder/13.3 rel1/bin/../lib/gcc/arm-none-eabi/13.3.1/thumb/v7-m/nofp/crtbegin.o
                [!provide]                        PROVIDE (__fini_array_end = .)
                0x0800f128                        . = ALIGN (0x4)
                0x0800f128                        _sidata = LOADADDR (.data)

.rel.dyn        0x0800f128        0x0
 .rel.iplt      0x0800f128        0x0 D:/armdeveloperadder/13.3 rel1/bin/../lib/gcc/arm-none-eabi/13.3.1/thumb/v7-m/nofp/crtbegin.o

.data           0x20000000      0x20c load address 0x0800f128
                0x20000000                        . = ALIGN (0x4)
                0x20000000                        _sdata = .
 *(.data)
 *(.data*)
 .data.tof_x_sign
                0x20000000        0x1 ./Core/Src/chassis.o
 *fill*         0x20000001        0x3 
 .data.pid_speed_LF
                0x20000004       0x14 ./Core/Src/chassis.o
                0x20000004                pid_speed_LF
 .data.pid_speed_RF
                0x20000018       0x14 ./Core/Src/chassis.o
                0x20000018                pid_speed_RF
 .data.fixed_move_y_sign
                0x2000002c        0x1 ./Core/Src/chassis.o
 *fill*         0x2000002d        0x3 
 .data.active_field
                0x20000030        0x4 ./Core/Src/chassis.o
 .data.servo_angle
                0x20000034        0x3 ./Core/Src/servo.o
 *fill*         0x20000037        0x1 
 .data.servo_pulse
                0x20000038        0x6 ./Core/Src/servo.o
 .data.fire_pwm
                0x2000003e        0x2 ./Core/Src/shooter.o
 .data.SystemCoreClock
                0x20000040        0x4 ./Core/Src/system_stm32f1xx.o
                0x20000040                SystemCoreClock
 .data.uwTickPrio
                0x20000044        0x4 ./Drivers/STM32F1xx_HAL_Driver/Src/stm32f1xx_hal.o
                0x20000044                uwTickPrio
 .data.uwTickFreq
                0x20000048        0x1 ./Drivers/STM32F1xx_HAL_Driver/Src/stm32f1xx_hal.o
                0x20000048                uwTickFreq
 *fill*         0x20000049        0x3 
 .data.USBD_CDC_DeviceQualifierDesc
                0x2000004c        0xa ./Middlewares/ST/STM32_USB_Device_Library/Class/CDC/Src/usbd_cdc.o
 *fill*         0x20000056        0x2 
 .data.USBD_CDC
                0x20000058       0x38 ./Middlewares/ST/STM32_USB_Device_Library/Class/CDC/Src/usbd_cdc.o
                0x20000058                USBD_CDC
 .data.USBD_CDC_CfgHSDesc
                0x20000090       0x43 ./Middlewares/ST/STM32_USB_Device_Library/Class/CDC/Src/usbd_cdc.o
                0x20000090                USBD_CDC_CfgHSDesc
 *fill*         0x200000d3        0x1 
 .data.USBD_CDC_CfgFSDesc
                0x200000d4       0x43 ./Middlewares/ST/STM32_USB_Device_Library/Class/CDC/Src/usbd_cdc.o
                0x200000d4                USBD_CDC_CfgFSDesc
 *fill*         0x20000117        0x1 
 .data.USBD_CDC_OtherSpeedCfgDesc
                0x20000118       0x43 ./Middlewares/ST/STM32_USB_Device_Library/Class/CDC/Src/usbd_cdc.o
                0x20000118                USBD_CDC_OtherSpeedCfgDesc
 *fill*         0x2000015b        0x1 
 .data.USBD_Interface_fops_FS
                0x2000015c       0x10 ./USB_DEVICE/App/usbd_cdc_if.o
                0x2000015c                USBD_Interface_fops_FS
 .data.FS_Desc  0x2000016c       0x1c ./USB_DEVICE/App/usbd_desc.o
                0x2000016c                FS_Desc
 .data.USBD_FS_DeviceDesc
                0x20000188       0x12 ./USB_DEVICE/App/usbd_desc.o
                0x20000188                USBD_FS_DeviceDesc
 *fill*         0x2000019a        0x2 
 .data.USBD_LangIDDesc
                0x2000019c        0x4 ./USB_DEVICE/App/usbd_desc.o
                0x2000019c                USBD_LangIDDesc
 .data.USBD_StringSerial
                0x200001a0       0x1a ./USB_DEVICE/App/usbd_desc.o
                0x200001a0                USBD_StringSerial
 *fill*         0x200001ba        0x2 
 .data._impure_ptr
                0x200001bc        0x4 D:/armdeveloperadder/13.3 rel1/bin/../lib/gcc/arm-none-eabi/13.3.1/thumb/v7-m/nofp\libc_nano.a(libc_a-impure.o)
                0x200001bc                _impure_ptr
 .data._impure_data
                0x200001c0       0x4c D:/armdeveloperadder/13.3 rel1/bin/../lib/gcc/arm-none-eabi/13.3.1/thumb/v7-m/nofp\libc_nano.a(libc_a-impure.o)
                0x200001c0                _impure_data
 *(.RamFunc)
 *(.RamFunc*)
                0x2000020c                        . = ALIGN (0x4)
                0x2000020c                        _edata = .

.tm_clone_table
                0x2000020c        0x0 load address 0x0800f334
 .tm_clone_table
                0x2000020c        0x0 D:/armdeveloperadder/13.3 rel1/bin/../lib/gcc/arm-none-eabi/13.3.1/thumb/v7-m/nofp/crtbegin.o
 .tm_clone_table
                0x2000020c        0x0 D:/armdeveloperadder/13.3 rel1/bin/../lib/gcc/arm-none-eabi/13.3.1/thumb/v7-m/nofp/crtend.o

.igot.plt       0x2000020c        0x0 load address 0x0800f334
 .igot.plt      0x2000020c        0x0 D:/armdeveloperadder/13.3 rel1/bin/../lib/gcc/arm-none-eabi/13.3.1/thumb/v7-m/nofp/crtbegin.o
                0x2000020c                        . = ALIGN (0x4)

.bss            0x2000020c     0x25f8 load address 0x0800f334
                0x2000020c                        _sbss = .
                0x2000020c                        __bss_start__ = _sbss
 *(.bss)
 *(.bss*)
 .bss.completed.1
                0x2000020c        0x1 D:/armdeveloperadder/13.3 rel1/bin/../lib/gcc/arm-none-eabi/13.3.1/thumb/v7-m/nofp/crtbegin.o
 *fill*         0x2000020d        0x3 
 .bss.object.0  0x20000210       0x18 D:/armdeveloperadder/13.3 rel1/bin/../lib/gcc/arm-none-eabi/13.3.1/thumb/v7-m/nofp/crtbegin.o
 .bss.fixed_move_state
                0x20000228        0x1 ./Core/Src/chassis.o
 *fill*         0x20000229        0x3 
 .bss.fixed_move_progress
                0x2000022c        0x4 ./Core/Src/chassis.o
 .bss.fixed_move_target_y_pulses
                0x20000230        0x4 ./Core/Src/chassis.o
 .bss.fixed_move_start_ms
                0x20000234        0x4 ./Core/Src/chassis.o
 .bss.arrival_candidate_ms
                0x20000238        0x4 ./Core/Src/chassis.o
 .bss.arrival_candidate_valid
                0x2000023c        0x1 ./Core/Src/chassis.o
 .bss.mpu_failure_count
                0x2000023d        0x1 ./Core/Src/chassis.o
 .bss.mpu_sample_valid
                0x2000023e        0x1 ./Core/Src/chassis.o
 *fill*         0x2000023f        0x1 
 .bss.fixed_move_start_tof_mm
                0x20000240        0x4 ./Core/Src/chassis.o
 .bss.fixed_move_target_tof_mm
                0x20000244        0x4 ./Core/Src/chassis.o
 .bss.fixed_move_start_valid
                0x20000248        0x1 ./Core/Src/chassis.o
 *fill*         0x20000249        0x3 
 .bss.speed_tar
                0x2000024c        0x8 ./Core/Src/chassis.o
                0x2000024c                speed_tar
 .bss.speed_act
                0x20000254        0x4 ./Core/Src/chassis.o
                0x20000254                speed_act
 .bss.pwm_out   0x20000258        0x8 ./Core/Src/chassis.o
                0x20000258                pwm_out
 .bss.target_motion
                0x20000260        0xc ./Core/Src/chassis.o
                0x20000260                target_motion
 .bss.yaw_angle
                0x2000026c        0x4 ./Core/Src/chassis.o
                0x2000026c                yaw_angle
 .bss.target_yaw
                0x20000270        0x4 ./Core/Src/chassis.o
                0x20000270                target_yaw
 .bss.loop_counter
                0x20000274        0x4 ./Core/Src/chassis.o
                0x20000274                loop_counter
 .bss.last_encoder_LF
                0x20000278        0x4 ./Core/Src/chassis.o
 .bss.last_encoder_RF
                0x2000027c        0x4 ./Core/Src/chassis.o
 .bss.chassis_enabled
                0x20000280        0x1 ./Core/Src/chassis.o
 *fill*         0x20000281        0x3 
 .bss.last_time.0
                0x20000284        0x4 ./Core/Src/chassis.o
 .bss.gy53_distance_mm
                0x20000288        0x4 ./Core/Src/gy53.o
 .bss.gy53_last_update_ms
                0x2000028c        0x4 ./Core/Src/gy53.o
 .bss.gy53_data_valid
                0x20000290        0x1 ./Core/Src/gy53.o
 *fill*         0x20000291        0x3 
 .bss.gy53_dma_buffer
                0x20000294       0x40 ./Core/Src/gy53.o
 .bss.gy53_frame
                0x200002d4       0x10 ./Core/Src/gy53.o
 .bss.gy53_frame_index
                0x200002e4        0x1 ./Core/Src/gy53.o
 .bss.gy53_restart_requested
                0x200002e5        0x1 ./Core/Src/gy53.o
 *fill*         0x200002e6        0x2 
 .bss.gy53_last_restart_ms
                0x200002e8        0x4 ./Core/Src/gy53.o
 .bss.gyro_z_offset
                0x200002ec        0x4 ./Core/Src/mpu6500.o
                0x200002ec                gyro_z_offset
 .bss.last_heartbeat_tx_ms
                0x200002f0        0x4 ./Core/Src/protocol.o
 .bss.last_heartbeat_ack_ms
                0x200002f4        0x4 ./Core/Src/protocol.o
 .bss.heartbeat_armed
                0x200002f8        0x1 ./Core/Src/protocol.o
 *fill*         0x200002f9        0x3 
 .bss.rx_ringbuf
                0x200002fc      0x406 ./Core/Src/protocol.o
                0x200002fc                rx_ringbuf
 .bss.is_connected
                0x20000702        0x1 ./Core/Src/protocol.o
 .bss.parse_state
                0x20000703        0x1 ./Core/Src/protocol.o
 .bss.data_len  0x20000704        0x2 ./Core/Src/protocol.o
 .bss.data_idx  0x20000706        0x2 ./Core/Src/protocol.o
 .bss.frame_cmd
                0x20000708        0x1 ./Core/Src/protocol.o
 .bss.calc_crc  0x20000709        0x1 ./Core/Src/protocol.o
 *fill*         0x2000070a        0x2 
 .bss.rx_frame_data
                0x2000070c      0x100 ./Core/Src/protocol.o
 .bss.tx_queue  0x2000080c      0x970 ./Core/Src/protocol.o
 .bss.tx_head   0x2000117c        0x1 ./Core/Src/protocol.o
 .bss.tx_tail   0x2000117d        0x1 ./Core/Src/protocol.o
 .bss.tx_count  0x2000117e        0x1 ./Core/Src/protocol.o
 .bss.tx_in_flight
                0x2000117f        0x1 ./Core/Src/protocol.o
 .bss.tx_drop_count
                0x20001180        0x4 ./Core/Src/protocol.o
 .bss.robot_state
                0x20001184        0x1 ./Core/Src/robot.o
 *fill*         0x20001185        0x3 
 .bss.target_words
                0x20001188        0x2 ./Core/Src/robot.o
 .bss.current_word_idx
                0x2000118a        0x1 ./Core/Src/robot.o
 .bss.current_radical_idx
                0x2000118b        0x1 ./Core/Src/robot.o
 .bss.grid_info
                0x2000118c       0x48 ./Core/Src/robot.o
 .bss.grid_ready
                0x200011d4        0x1 ./Core/Src/robot.o
 .bss.reload_confirmed
                0x200011d5        0x1 ./Core/Src/robot.o
 .bss.current_force_level
                0x200011d6        0x1 ./Core/Src/robot.o
 *fill*         0x200011d7        0x1 
 .bss.state_enter_ms
                0x200011d8        0x4 ./Core/Src/robot.o
 .bss.pwm_counter
                0x200011dc        0x2 ./Core/Src/servo.o
 .bss.shooter_state
                0x200011de        0x1 ./Core/Src/shooter.o
 *fill*         0x200011df        0x1 
 .bss.state_start_ms
                0x200011e0        0x4 ./Core/Src/shooter.o
 .bss.shooter_done
                0x200011e4        0x1 ./Core/Src/shooter.o
 *fill*         0x200011e5        0x3 
 .bss.hspi2     0x200011e8       0x58 ./Core/Src/spi.o
                0x200011e8                hspi2
 .bss.htim6     0x20001240       0x48 ./Core/Src/stm32f1xx_hal_timebase_tim.o
                0x20001240                htim6
 .bss.htim1     0x20001288       0x48 ./Core/Src/tim.o
                0x20001288                htim1
 .bss.htim2     0x200012d0       0x48 ./Core/Src/tim.o
                0x200012d0                htim2
 .bss.htim3     0x20001318       0x48 ./Core/Src/tim.o
                0x20001318                htim3
 .bss.htim4     0x20001360       0x48 ./Core/Src/tim.o
                0x20001360                htim4
 .bss.htim5     0x200013a8       0x48 ./Core/Src/tim.o
                0x200013a8                htim5
 .bss.htim7     0x200013f0       0x48 ./Core/Src/tim.o
                0x200013f0                htim7
 .bss.huart3    0x20001438       0x48 ./Core/Src/usart.o
                0x20001438                huart3
 .bss.hdma_usart3_rx
                0x20001480       0x44 ./Core/Src/usart.o
                0x20001480                hdma_usart3_rx
 .bss.hdma_usart3_tx
                0x200014c4       0x44 ./Core/Src/usart.o
                0x200014c4                hdma_usart3_tx
 .bss.uwTick    0x20001508        0x4 ./Drivers/STM32F1xx_HAL_Driver/Src/stm32f1xx_hal.o
                0x20001508                uwTick
 .bss.cfgidx.0  0x2000150c        0x1 ./Middlewares/ST/STM32_USB_Device_Library/Core/Src/usbd_ctlreq.o
 *fill*         0x2000150d        0x3 
 .bss.hUsbDeviceFS
                0x20001510      0x2c4 ./USB_DEVICE/App/usb_device.o
                0x20001510                hUsbDeviceFS
 .bss.UserRxBufferFS
                0x200017d4      0x400 ./USB_DEVICE/App/usbd_cdc_if.o
                0x200017d4                UserRxBufferFS
 .bss.UserTxBufferFS
                0x20001bd4      0x400 ./USB_DEVICE/App/usbd_cdc_if.o
                0x20001bd4                UserTxBufferFS
 .bss.USBD_StrDesc
                0x20001fd4      0x200 ./USB_DEVICE/App/usbd_desc.o
                0x20001fd4                USBD_StrDesc
 .bss.hpcd_USB_FS
                0x200021d4      0x2d8 ./USB_DEVICE/Target/usbd_conf.o
                0x200021d4                hpcd_USB_FS
 .bss.mem.0     0x200024ac      0x220 ./USB_DEVICE/Target/usbd_conf.o
 .bss.__sf      0x200026cc      0x138 D:/armdeveloperadder/13.3 rel1/bin/../lib/gcc/arm-none-eabi/13.3.1/thumb/v7-m/nofp\libc_nano.a(libc_a-findfp.o)
                0x200026cc                __sf
 *(COMMON)
                0x20002804                        . = ALIGN (0x4)
                0x20002804                        _ebss = .
                0x20002804                        __bss_end__ = _ebss

._user_heap_stack
                0x20002804      0xe04 load address 0x0800f334
                0x20002808                        . = ALIGN (0x8)
 *fill*         0x20002804        0x4 
                [!provide]                        PROVIDE (end = .)
                0x20002808                        PROVIDE (_end = .)
                0x20002e08                        . = (. + _Min_Heap_Size)
 *fill*         0x20002808      0x600 
                0x20003608                        . = (. + _Min_Stack_Size)
 *fill*         0x20002e08      0x800 
                0x20003608                        . = ALIGN (0x8)

/DISCARD/
 libc.a(*)
 libm.a(*)
 libgcc.a(*)

.ARM.attributes
                0x00000000       0x29
 *(.ARM.attributes)
 .ARM.attributes
                0x00000000       0x1d D:/armdeveloperadder/13.3 rel1/bin/../lib/gcc/arm-none-eabi/13.3.1/thumb/v7-m/nofp/crti.o
 .ARM.attributes
                0x0000001d       0x2d D:/armdeveloperadder/13.3 rel1/bin/../lib/gcc/arm-none-eabi/13.3.1/thumb/v7-m/nofp/crtbegin.o
 .ARM.attributes
                0x0000004a       0x2d ./Core/Src/chassis.o
 .ARM.attributes
                0x00000077       0x2d ./Core/Src/dma.o
 .ARM.attributes
                0x000000a4       0x2d ./Core/Src/gpio.o
 .ARM.attributes
                0x000000d1       0x2d ./Core/Src/gy53.o
 .ARM.attributes
                0x000000fe       0x2d ./Core/Src/main.o
 .ARM.attributes
                0x0000012b       0x2d ./Core/Src/mpu6500.o
 .ARM.attributes
                0x00000158       0x2d ./Core/Src/protocol.o
 .ARM.attributes
                0x00000185       0x2d ./Core/Src/robot.o
 .ARM.attributes
                0x000001b2       0x2d ./Core/Src/servo.o
 .ARM.attributes
                0x000001df       0x2d ./Core/Src/shooter.o
 .ARM.attributes
                0x0000020c       0x2d ./Core/Src/spi.o
 .ARM.attributes
                0x00000239       0x2d ./Core/Src/stm32f1xx_hal_msp.o
 .ARM.attributes
                0x00000266       0x2d ./Core/Src/stm32f1xx_hal_timebase_tim.o
 .ARM.attributes
                0x00000293       0x2d ./Core/Src/stm32f1xx_it.o
 .ARM.attributes
                0x000002c0       0x2d ./Core/Src/system_stm32f1xx.o
 .ARM.attributes
                0x000002ed       0x2d ./Core/Src/tim.o
 .ARM.attributes
                0x0000031a       0x2d ./Core/Src/usart.o
 .ARM.attributes
                0x00000347       0x21 ./Core/Startup/startup_stm32f103rctx.o
 .ARM.attributes
                0x00000368       0x2d ./Drivers/STM32F1xx_HAL_Driver/Src/stm32f1xx_hal.o
 .ARM.attributes
                0x00000395       0x2d ./Drivers/STM32F1xx_HAL_Driver/Src/stm32f1xx_hal_cortex.o
 .ARM.attributes
                0x000003c2       0x2d ./Drivers/STM32F1xx_HAL_Driver/Src/stm32f1xx_hal_dma.o
 .ARM.attributes
                0x000003ef       0x2d ./Drivers/STM32F1xx_HAL_Driver/Src/stm32f1xx_hal_gpio.o
 .ARM.attributes
                0x0000041c       0x2d ./Drivers/STM32F1xx_HAL_Driver/Src/stm32f1xx_hal_pcd.o
 .ARM.attributes
                0x00000449       0x2d ./Drivers/STM32F1xx_HAL_Driver/Src/stm32f1xx_hal_pcd_ex.o
 .ARM.attributes
                0x00000476       0x2d ./Drivers/STM32F1xx_HAL_Driver/Src/stm32f1xx_hal_rcc.o
 .ARM.attributes
                0x000004a3       0x2d ./Drivers/STM32F1xx_HAL_Driver/Src/stm32f1xx_hal_rcc_ex.o
 .ARM.attributes
                0x000004d0       0x2d ./Drivers/STM32F1xx_HAL_Driver/Src/stm32f1xx_hal_spi.o
 .ARM.attributes
                0x000004fd       0x2d ./Drivers/STM32F1xx_HAL_Driver/Src/stm32f1xx_hal_tim.o
 .ARM.attributes
                0x0000052a       0x2d ./Drivers/STM32F1xx_HAL_Driver/Src/stm32f1xx_hal_tim_ex.o
 .ARM.attributes
                0x00000557       0x2d ./Drivers/STM32F1xx_HAL_Driver/Src/stm32f1xx_hal_uart.o
 .ARM.attributes
                0x00000584       0x2d ./Drivers/STM32F1xx_HAL_Driver/Src/stm32f1xx_ll_usb.o
 .ARM.attributes
                0x000005b1       0x2d ./Middlewares/ST/STM32_USB_Device_Library/Class/CDC/Src/usbd_cdc.o
 .ARM.attributes
                0x000005de       0x2d ./Middlewares/ST/STM32_USB_Device_Library/Core/Src/usbd_core.o
 .ARM.attributes
                0x0000060b       0x2d ./Middlewares/ST/STM32_USB_Device_Library/Core/Src/usbd_ctlreq.o
 .ARM.attributes
                0x00000638       0x2d ./Middlewares/ST/STM32_USB_Device_Library/Core/Src/usbd_ioreq.o
 .ARM.attributes
                0x00000665       0x2d ./USB_DEVICE/App/usb_device.o
 .ARM.attributes
                0x00000692       0x2d ./USB_DEVICE/App/usbd_cdc_if.o
 .ARM.attributes
                0x000006bf       0x2d ./USB_DEVICE/App/usbd_desc.o
 .ARM.attributes
                0x000006ec       0x2d ./USB_DEVICE/Target/usbd_conf.o
 .ARM.attributes
                0x00000719       0x2d D:/armdeveloperadder/13.3 rel1/bin/../lib/gcc/arm-none-eabi/13.3.1/thumb/v7-m/nofp\libc_nano.a(libc_a-findfp.o)
 .ARM.attributes
                0x00000746       0x2d D:/armdeveloperadder/13.3 rel1/bin/../lib/gcc/arm-none-eabi/13.3.1/thumb/v7-m/nofp\libc_nano.a(libc_a-memset.o)
 .ARM.attributes
                0x00000773       0x2d D:/armdeveloperadder/13.3 rel1/bin/../lib/gcc/arm-none-eabi/13.3.1/thumb/v7-m/nofp\libc_nano.a(libc_a-impure.o)
 .ARM.attributes
                0x000007a0       0x2d D:/armdeveloperadder/13.3 rel1/bin/../lib/gcc/arm-none-eabi/13.3.1/thumb/v7-m/nofp\libc_nano.a(libc_a-errno.o)
 .ARM.attributes
                0x000007cd       0x2d D:/armdeveloperadder/13.3 rel1/bin/../lib/gcc/arm-none-eabi/13.3.1/thumb/v7-m/nofp\libc_nano.a(libc_a-init.o)
 .ARM.attributes
                0x000007fa       0x2d D:/armdeveloperadder/13.3 rel1/bin/../lib/gcc/arm-none-eabi/13.3.1/thumb/v7-m/nofp\libc_nano.a(libc_a-memcpy-stub.o)
 .ARM.attributes
                0x00000827       0x2d D:/armdeveloperadder/13.3 rel1/bin/../lib/gcc/arm-none-eabi/13.3.1/thumb/v7-m/nofp\libc_nano.a(libm_a-sf_copysign.o)
 .ARM.attributes
                0x00000854       0x2d D:/armdeveloperadder/13.3 rel1/bin/../lib/gcc/arm-none-eabi/13.3.1/thumb/v7-m/nofp\libm.a(libm_a-wf_hypot.o)
 .ARM.attributes
                0x00000881       0x2d D:/armdeveloperadder/13.3 rel1/bin/../lib/gcc/arm-none-eabi/13.3.1/thumb/v7-m/nofp\libm.a(libm_a-sf_finite.o)
 .ARM.attributes
                0x000008ae       0x2d D:/armdeveloperadder/13.3 rel1/bin/../lib/gcc/arm-none-eabi/13.3.1/thumb/v7-m/nofp\libm.a(libm_a-sf_lround.o)
 .ARM.attributes
                0x000008db       0x2d D:/armdeveloperadder/13.3 rel1/bin/../lib/gcc/arm-none-eabi/13.3.1/thumb/v7-m/nofp\libm.a(libm_a-ef_hypot.o)
 .ARM.attributes
                0x00000908       0x2d D:/armdeveloperadder/13.3 rel1/bin/../lib/gcc/arm-none-eabi/13.3.1/thumb/v7-m/nofp\libm.a(libm_a-ef_sqrt.o)
 .ARM.attributes
                0x00000935       0x1d D:/armdeveloperadder/13.3 rel1/bin/../lib/gcc/arm-none-eabi/13.3.1/thumb/v7-m/nofp\libgcc.a(_arm_addsubsf3.o)
 .ARM.attributes
                0x00000952       0x1d D:/armdeveloperadder/13.3 rel1/bin/../lib/gcc/arm-none-eabi/13.3.1/thumb/v7-m/nofp\libgcc.a(_arm_muldivsf3.o)
 .ARM.attributes
                0x0000096f       0x1d D:/armdeveloperadder/13.3 rel1/bin/../lib/gcc/arm-none-eabi/13.3.1/thumb/v7-m/nofp\libgcc.a(_arm_cmpsf2.o)
 .ARM.attributes
                0x0000098c       0x1d D:/armdeveloperadder/13.3 rel1/bin/../lib/gcc/arm-none-eabi/13.3.1/thumb/v7-m/nofp\libgcc.a(_arm_unordsf2.o)
 .ARM.attributes
                0x000009a9       0x1d D:/armdeveloperadder/13.3 rel1/bin/../lib/gcc/arm-none-eabi/13.3.1/thumb/v7-m/nofp\libgcc.a(_arm_fixsfsi.o)
 .ARM.attributes
                0x000009c6       0x2d D:/armdeveloperadder/13.3 rel1/bin/../lib/gcc/arm-none-eabi/13.3.1/thumb/v7-m/nofp/crtend.o
 .ARM.attributes
                0x000009f3       0x1d D:/armdeveloperadder/13.3 rel1/bin/../lib/gcc/arm-none-eabi/13.3.1/thumb/v7-m/nofp/crtn.o
OUTPUT(Robot_rct6_all.elf elf32-littlearm)
LOAD linker stubs
LOAD D:/armdeveloperadder/13.3 rel1/bin/../lib/gcc/arm-none-eabi/13.3.1/thumb/v7-m/nofp\libc.a
LOAD D:/armdeveloperadder/13.3 rel1/bin/../lib/gcc/arm-none-eabi/13.3.1/thumb/v7-m/nofp\libm.a
LOAD D:/armdeveloperadder/13.3 rel1/bin/../lib/gcc/arm-none-eabi/13.3.1/thumb/v7-m/nofp\libgcc.a

.debug_info     0x00000000    0x1c895
 .debug_info    0x00000000     0x12b7 ./Core/Src/chassis.o
 .debug_info    0x000012b7      0x335 ./Core/Src/dma.o
 .debug_info    0x000015ec      0x2d3 ./Core/Src/gpio.o
 .debug_info    0x000018bf      0x8db ./Core/Src/gy53.o
 .debug_info    0x0000219a      0xa12 ./Core/Src/main.o
 .debug_info    0x00002bac      0x97a ./Core/Src/mpu6500.o
 .debug_info    0x00003526      0xc44 ./Core/Src/protocol.o
 .debug_info    0x0000416a      0x756 ./Core/Src/robot.o
 .debug_info    0x000048c0      0x25b ./Core/Src/servo.o
 .debug_info    0x00004b1b      0x82d ./Core/Src/shooter.o
 .debug_info    0x00005348      0x7c8 ./Core/Src/spi.o
 .debug_info    0x00005b10      0x1f1 ./Core/Src/stm32f1xx_hal_msp.o
 .debug_info    0x00005d01      0xa0e ./Core/Src/stm32f1xx_hal_timebase_tim.o
 .debug_info    0x0000670f      0xe5c ./Core/Src/stm32f1xx_it.o
 .debug_info    0x0000756b      0x222 ./Core/Src/system_stm32f1xx.o
 .debug_info    0x0000778d      0xf9d ./Core/Src/tim.o
 .debug_info    0x0000872a      0xa6f ./Core/Src/usart.o
 .debug_info    0x00009199       0x30 ./Core/Startup/startup_stm32f103rctx.o
 .debug_info    0x000091c9      0x76a ./Drivers/STM32F1xx_HAL_Driver/Src/stm32f1xx_hal.o
 .debug_info    0x00009933      0xaed ./Drivers/STM32F1xx_HAL_Driver/Src/stm32f1xx_hal_cortex.o
 .debug_info    0x0000a420      0x6d2 ./Drivers/STM32F1xx_HAL_Driver/Src/stm32f1xx_hal_dma.o
 .debug_info    0x0000aaf2      0x5ab ./Drivers/STM32F1xx_HAL_Driver/Src/stm32f1xx_hal_gpio.o
 .debug_info    0x0000b09d     0x16dc ./Drivers/STM32F1xx_HAL_Driver/Src/stm32f1xx_hal_pcd.o
 .debug_info    0x0000c779      0x6c3 ./Drivers/STM32F1xx_HAL_Driver/Src/stm32f1xx_hal_pcd_ex.o
 .debug_info    0x0000ce3c      0x7d5 ./Drivers/STM32F1xx_HAL_Driver/Src/stm32f1xx_hal_rcc.o
 .debug_info    0x0000d611      0x3e9 ./Drivers/STM32F1xx_HAL_Driver/Src/stm32f1xx_hal_rcc_ex.o
 .debug_info    0x0000d9fa     0x1439 ./Drivers/STM32F1xx_HAL_Driver/Src/stm32f1xx_hal_spi.o
 .debug_info    0x0000ee33     0x2959 ./Drivers/STM32F1xx_HAL_Driver/Src/stm32f1xx_hal_tim.o
 .debug_info    0x0001178c     0x149b ./Drivers/STM32F1xx_HAL_Driver/Src/stm32f1xx_hal_tim_ex.o
 .debug_info    0x00012c27     0x2eed ./Drivers/STM32F1xx_HAL_Driver/Src/stm32f1xx_hal_uart.o
 .debug_info    0x00015b14     0x17ae ./Drivers/STM32F1xx_HAL_Driver/Src/stm32f1xx_ll_usb.o
 .debug_info    0x000172c2     0x1043 ./Middlewares/ST/STM32_USB_Device_Library/Class/CDC/Src/usbd_cdc.o
 .debug_info    0x00018305      0xa52 ./Middlewares/ST/STM32_USB_Device_Library/Core/Src/usbd_core.o
 .debug_info    0x00018d57      0x91c ./Middlewares/ST/STM32_USB_Device_Library/Core/Src/usbd_ctlreq.o
 .debug_info    0x00019673      0x6a0 ./Middlewares/ST/STM32_USB_Device_Library/Core/Src/usbd_ioreq.o
 .debug_info    0x00019d13      0x63d ./USB_DEVICE/App/usb_device.o
 .debug_info    0x0001a350      0x82e ./USB_DEVICE/App/usbd_cdc_if.o
 .debug_info    0x0001ab7e      0x44a ./USB_DEVICE/App/usbd_desc.o
 .debug_info    0x0001afc8     0x18cd ./USB_DEVICE/Target/usbd_conf.o

.debug_abbrev   0x00000000     0x5459
 .debug_abbrev  0x00000000      0x3f6 ./Core/Src/chassis.o
 .debug_abbrev  0x000003f6       0xfc ./Core/Src/dma.o
 .debug_abbrev  0x000004f2      0x13f ./Core/Src/gpio.o
 .debug_abbrev  0x00000631      0x2d8 ./Core/Src/gy53.o
 .debug_abbrev  0x00000909      0x2bf ./Core/Src/main.o
 .debug_abbrev  0x00000bc8      0x21c ./Core/Src/mpu6500.o
 .debug_abbrev  0x00000de4      0x353 ./Core/Src/protocol.o
 .debug_abbrev  0x00001137      0x2c9 ./Core/Src/robot.o
 .debug_abbrev  0x00001400      0x15c ./Core/Src/servo.o
 .debug_abbrev  0x0000155c      0x274 ./Core/Src/shooter.o
 .debug_abbrev  0x000017d0      0x1e7 ./Core/Src/spi.o
 .debug_abbrev  0x000019b7       0xdb ./Core/Src/stm32f1xx_hal_msp.o
 .debug_abbrev  0x00001a92      0x1f3 ./Core/Src/stm32f1xx_hal_timebase_tim.o
 .debug_abbrev  0x00001c85      0x1d5 ./Core/Src/stm32f1xx_it.o
 .debug_abbrev  0x00001e5a      0x13f ./Core/Src/system_stm32f1xx.o
 .debug_abbrev  0x00001f99      0x274 ./Core/Src/tim.o
 .debug_abbrev  0x0000220d      0x22c ./Core/Src/usart.o
 .debug_abbrev  0x00002439       0x24 ./Core/Startup/startup_stm32f103rctx.o
 .debug_abbrev  0x0000245d      0x201 ./Drivers/STM32F1xx_HAL_Driver/Src/stm32f1xx_hal.o
 .debug_abbrev  0x0000265e      0x2f8 ./Drivers/STM32F1xx_HAL_Driver/Src/stm32f1xx_hal_cortex.o
 .debug_abbrev  0x00002956      0x20b ./Drivers/STM32F1xx_HAL_Driver/Src/stm32f1xx_hal_dma.o
 .debug_abbrev  0x00002b61      0x1ca ./Drivers/STM32F1xx_HAL_Driver/Src/stm32f1xx_hal_gpio.o
 .debug_abbrev  0x00002d2b      0x2d6 ./Drivers/STM32F1xx_HAL_Driver/Src/stm32f1xx_hal_pcd.o
 .debug_abbrev  0x00003001      0x189 ./Drivers/STM32F1xx_HAL_Driver/Src/stm32f1xx_hal_pcd_ex.o
 .debug_abbrev  0x0000318a      0x2b3 ./Drivers/STM32F1xx_HAL_Driver/Src/stm32f1xx_hal_rcc.o
 .debug_abbrev  0x0000343d      0x188 ./Drivers/STM32F1xx_HAL_Driver/Src/stm32f1xx_hal_rcc_ex.o
 .debug_abbrev  0x000035c5      0x27a ./Drivers/STM32F1xx_HAL_Driver/Src/stm32f1xx_hal_spi.o
 .debug_abbrev  0x0000383f      0x277 ./Drivers/STM32F1xx_HAL_Driver/Src/stm32f1xx_hal_tim.o
 .debug_abbrev  0x00003ab6      0x282 ./Drivers/STM32F1xx_HAL_Driver/Src/stm32f1xx_hal_tim_ex.o
 .debug_abbrev  0x00003d38      0x2f8 ./Drivers/STM32F1xx_HAL_Driver/Src/stm32f1xx_hal_uart.o
 .debug_abbrev  0x00004030      0x1de ./Drivers/STM32F1xx_HAL_Driver/Src/stm32f1xx_ll_usb.o
 .debug_abbrev  0x0000420e      0x2d3 ./Middlewares/ST/STM32_USB_Device_Library/Class/CDC/Src/usbd_cdc.o
 .debug_abbrev  0x000044e1      0x24a ./Middlewares/ST/STM32_USB_Device_Library/Core/Src/usbd_core.o