../Core/Src/chassis.c:49:16:YMetersToCounts	16	static
../Core/Src/chassis.c:97:9:Limit_PWM	16	static
../Core/Src/chassis.c:110:7:PID_Update	40	static
../Core/Src/chassis.c:125:6:PID_Reset	16	static
../Core/Src/chassis.c:136:9:CalcSpeedFromEncoder	32	static
../Core/Src/chassis.c:150:6:Motor_Set	24	static
../Core/Src/chassis.c:253:6:PWM_Init	8	static
../Core/Src/chassis.c:271:6:Encoder_Init	8	static
../Core/Src/chassis.c:296:6:Control_Init	8	static
../Core/Src/chassis.c:310:6:Chassis_Enable	8	static
../Core/Src/chassis.c:319:6:Chassis_Stop	16	static
../Core/Src/chassis.c:341:13:Chassis_StartFixedMove	48	static
../Core/Src/chassis.c:393:9:Chassis_IsArrived	4	static
../Core/Src/chassis.c:399:13:Chassis_FinishMove	16	static
../Core/Src/chassis.c:406:13:Chassis_UpdateFixedMove	72	static
../Core/Src/chassis.c:510:6:Chassis_SetFieldSide	16	static
../Core/Src/chassis.c:523:6:Chassis_GotoFirePoint	40	static
../Core/Src/chassis.c:570:6:Chassis_GotoStartPoint	16	static
../Core/Src/chassis.c:590:20:Chassis_GetMoveState	4	static
../Core/Src/chassis.c:603:6:Mecanum_Kinematics	64	static
../Core/Src/chassis.c:629:6:Yaw_Compensate	32	static
../Core/Src/chassis.c:644:16:SpeedTargetToPwm	16	static
../Core/Src/chassis.c:652:6:Control_Loop	80	static
../Core/Src/chassis.c:794:6:Send_Data	4	static
