../Core/Src/protocol.c:91:13:ringbuf_init	16	static
../Core/Src/protocol.c:97:17:ringbuf_available	16	static
../Core/Src/protocol.c:101:17:ringbuf_free_space	16	static
../Core/Src/protocol.c:105:13:ringbuf_append	32	static
../Core/Src/protocol.c:116:16:ringbuf_read_byte	24	static
../Core/Src/protocol.c:126:16:calc_crc8	24	static
../Core/Src/protocol.c:135:13:send_frame	32	static
../Core/Src/protocol.c:173:13:protocol_tx_task	16	static
../Core/Src/protocol.c:201:6:protocol_init	8	static
../Core/Src/protocol.c:221:6:protocol_feed_data	16	static
../Core/Src/protocol.c:229:6:protocol_task	16	static
../Core/Src/protocol.c:336:13:handle_received_frame	104	static
../Core/Src/protocol.c:473:6:protocol_is_connected	4	static
../Core/Src/protocol.c:477:6:protocol_set_connected	16	static
../Core/Src/protocol.c:485:6:protocol_send_heartbeat	8	static
../Core/Src/protocol.c:489:6:protocol_send_device_info	8	static
../Core/Src/protocol.c:493:6:protocol_send_match_start_ack	8	static
../Core/Src/protocol.c:497:6:protocol_send_move_status	24	static
../Core/Src/protocol.c:507:6:protocol_send_position_update	24	static
../Core/Src/protocol.c:516:6:protocol_send_shoot_result	24	static
../Core/Src/protocol.c:525:6:protocol_send_error	24	static
../Core/Src/protocol.c:534:6:protocol_send_grid_query	8	static
../Core/Src/protocol.c:539:13:protocol_heartbeat_task	16	static
