../Core/Src/shooter.c:36:13:Shooter_SetWheelPwm	16	static
../Core/Src/shooter.c:46:6:Shooter_Init	8	static
../Core/Src/shooter.c:65:6:Shooter_Enable	8	static
../Core/Src/shooter.c:73:6:Shooter_StartFire	16	static
../Core/Src/shooter.c:90:6:Shooter_Task	16	static
../Core/Src/shooter.c:150:6:Shooter_Stop	8	static
../Core/Src/shooter.c:158:9:Shooter_IsBusy	4	static
../Core/Src/shooter.c:166:9:Shooter_IsDone	4	static
../Core/Src/shooter.c:171:6:Shooter_ClearDone	4	static
../Core/Src/shooter.c:180:6:Shooter_HasError	4	static
